Archive member included because of file (symbol)

c:\Users\surya\AppData\Roaming\Code\User\globalStorage\vexrobotics.vexcode\sdk\cpp\V5\V5_20240802_15_00_00/vexv5\libv5rt.a(v5_startup.c.obj)
                              (vexStartup)
c:\Users\surya\AppData\Roaming\Code\User\globalStorage\vexrobotics.vexcode\sdk\cpp\V5\V5_20240802_15_00_00/vexv5\libv5rt.a(v5_util.c.obj)
                              c:\Users\surya\AppData\Roaming\Code\User\globalStorage\vexrobotics.vexcode\sdk\cpp\V5\V5_20240802_15_00_00/vexv5\libv5rt.a(v5_startup.c.obj) (vexStdlibVersionLinked)
c:\Users\surya\AppData\Roaming\Code\User\globalStorage\vexrobotics.vexcode\sdk\cpp\V5\V5_20240802_15_00_00/vexv5\libv5rt.a(v5_apijump.c.obj)
                              c:\Users\surya\AppData\Roaming\Code\User\globalStorage\vexrobotics.vexcode\sdk\cpp\V5\V5_20240802_15_00_00/vexv5\libv5rt.a(v5_startup.c.obj) (vexPrivateApiEnable)
c:\Users\surya\AppData\Roaming\Code\User\globalStorage\vexrobotics.vexcode\sdk\cpp\V5\V5_20240802_15_00_00/vexv5\libv5rt.a(v5_apiversions.c.obj)
                              c:\Users\surya\AppData\Roaming\Code\User\globalStorage\vexrobotics.vexcode\sdk\cpp\V5\V5_20240802_15_00_00/vexv5\libv5rt.a(v5_apijump.c.obj) (vexSystemVersion)
c:\Users\surya\AppData\Roaming\Code\User\globalStorage\vexrobotics.vexcode\sdk\cpp\V5\V5_20240802_15_00_00/vexv5\libv5rt.a(vex_global.cpp.obj)
                              build/src/main.o (vex::wait(double, vex::timeUnits))
c:\Users\surya\AppData\Roaming\Code\User\globalStorage\vexrobotics.vexcode\sdk\cpp\V5\V5_20240802_15_00_00/vexv5\libv5rt.a(vex_device.cpp.obj)
                              build/src/ai_robot_link.o (vex::device::value())
c:\Users\surya\AppData\Roaming\Code\User\globalStorage\vexrobotics.vexcode\sdk\cpp\V5\V5_20240802_15_00_00/vexv5\libv5rt.a(vex_motor.cpp.obj)
                              build/src/main.o (vex::motor::~motor())
c:\Users\surya\AppData\Roaming\Code\User\globalStorage\vexrobotics.vexcode\sdk\cpp\V5\V5_20240802_15_00_00/vexv5\libv5rt.a(vex_imu.cpp.obj)
                              build/src/JAR-Template/drive.o (vex::inertial::setRotation(double, vex::rotationUnits))
c:\Users\surya\AppData\Roaming\Code\User\globalStorage\vexrobotics.vexcode\sdk\cpp\V5\V5_20240802_15_00_00/vexv5\libv5rt.a(vex_rotation.cpp.obj)
                              build/src/main.o (vex::rotation::~rotation())
c:\Users\surya\AppData\Roaming\Code\User\globalStorage\vexrobotics.vexcode\sdk\cpp\V5\V5_20240802_15_00_00/vexv5\libv5rt.a(vex_optical.cpp.obj)
                              build/src/main.o (vex::optical::~optical())
c:\Users\surya\AppData\Roaming\Code\User\globalStorage\vexrobotics.vexcode\sdk\cpp\V5\V5_20240802_15_00_00/vexv5\libv5rt.a(vex_gps.cpp.obj)
                              build/src/main.o (vex::gps::~gps())
c:\Users\surya\AppData\Roaming\Code\User\globalStorage\vexrobotics.vexcode\sdk\cpp\V5\V5_20240802_15_00_00/vexv5\libv5rt.a(vex_controller.cpp.obj)
                              build/src/main.o (vex::controller::~controller())
c:\Users\surya\AppData\Roaming\Code\User\globalStorage\vexrobotics.vexcode\sdk\cpp\V5\V5_20240802_15_00_00/vexv5\libv5rt.a(vex_task.cpp.obj)
                              build/src/JAR-Template/drive.o (vex::task::task())
c:\Users\surya\AppData\Roaming\Code\User\globalStorage\vexrobotics.vexcode\sdk\cpp\V5\V5_20240802_15_00_00/vexv5\libv5rt.a(vex_thread.cpp.obj)
                              build/src/main.o (vex::thread::thread(int (*)()))
c:\Users\surya\AppData\Roaming\Code\User\globalStorage\vexrobotics.vexcode\sdk\cpp\V5\V5_20240802_15_00_00/vexv5\libv5rt.a(vex_event.cpp.obj)
                              c:\Users\surya\AppData\Roaming\Code\User\globalStorage\vexrobotics.vexcode\sdk\cpp\V5\V5_20240802_15_00_00/vexv5\libv5rt.a(vex_imu.cpp.obj) (vex::event::init(unsigned long, unsigned long, void (*)()))
c:\Users\surya\AppData\Roaming\Code\User\globalStorage\vexrobotics.vexcode\sdk\cpp\V5\V5_20240802_15_00_00/vexv5\libv5rt.a(vex_mevent.cpp.obj)
                              c:\Users\surya\AppData\Roaming\Code\User\globalStorage\vexrobotics.vexcode\sdk\cpp\V5\V5_20240802_15_00_00/vexv5\libv5rt.a(vex_controller.cpp.obj) (vex::mevent::mevent(unsigned long, unsigned long))
c:\Users\surya\AppData\Roaming\Code\User\globalStorage\vexrobotics.vexcode\sdk\cpp\V5\V5_20240802_15_00_00/vexv5\libv5rt.a(vex_brain.cpp.obj)
                              build/src/dashboard.o (vex::brain::lcd::setFont(vex::fontType))
c:\Users\surya\AppData\Roaming\Code\User\globalStorage\vexrobotics.vexcode\sdk\cpp\V5\V5_20240802_15_00_00/vexv5\libv5rt.a(vex_competition.cpp.obj)
                              build/src/main.o (vex::competition::competition())
c:\Users\surya\AppData\Roaming\Code\User\globalStorage\vexrobotics.vexcode\sdk\cpp\V5\V5_20240802_15_00_00/vexv5\libv5rt.a(vex_triport.cpp.obj)
                              build/src/main.o (vex::triport::~triport())
[...]
Memory Configuration

Name             Origin             Length             Attributes
ps7_ddr_0_S_AXI_BASEADDR 0x03800000         0x04800000
*default*        0x00000000         0xffffffff

Linker script and memory map

                0x00002000                _STACK_SIZE = DEFINED (_STACK_SIZE)?_STACK_SIZE:0x2000
                0x00100000                _HEAP_SIZE = DEFINED (_HEAP_SIZE)?_HEAP_SIZE:0x100000
                0x00000400                _ABORT_STACK_SIZE = DEFINED (_ABORT_STACK_SIZE)?_ABORT_STACK_SIZE:0x400
                0x00000800                _SUPERVISOR_STACK_SIZE = DEFINED (_SUPERVISOR_STACK_SIZE)?_SUPERVISOR_STACK_SIZE:0x800
                0x00000400                _IRQ_STACK_SIZE = DEFINED (_IRQ_STACK_SIZE)?_IRQ_STACK_SIZE:0x400
                0x00000400                _FIQ_STACK_SIZE = DEFINED (_FIQ_STACK_SIZE)?_FIQ_STACK_SIZE:0x400
                0x00000400                _UNDEF_STACK_SIZE = DEFINED (_UNDEF_STACK_SIZE)?_UNDEF_STACK_SIZE:0x400

.text           0x03800000    0x11688
 *(.vectors)
 *(.boot_data)
 .boot_data     0x03800000       0x20 c:\Users\surya\AppData\Roaming\Code\User\globalStorage\vexrobotics.vexcode\sdk\cpp\V5\V5_20240802_15_00_00/vexv5\libv5rt.a(v5_startup.c.obj)
                0x03800000                vexCodeSig
                0x00000020                . = 0x20
 *(.boot)
 .boot          0x03800020       0xbc c:\Users\surya\AppData\Roaming\Code\User\globalStorage\vexrobotics.vexcode\sdk\cpp\V5\V5_20240802_15_00_00/vexv5\libv5rt.a(v5_startup.c.obj)
                0x03800020                vexStartup
                0x03800100                . = ALIGN (0x40)
 *fill*         0x038000dc       0x24 
 *(.freertos_vectors)
 *(.text)
 .text          0x03800100       0x3a c:\Users\surya\AppData\Roaming\Code\User\globalStorage\vexrobotics.vexcode\sdk\cpp\V5\V5_20240802_15_00_00/vexv5/gcc/libs\libc.a(lib_a-aeabi_memmove-soft.o)
                0x03800100                __aeabi_memmove4
                0x03800100                __aeabi_memmove
                0x03800100                __aeabi_memmove8
 .text          0x0380013a       0x9a c:\Users\surya\AppData\Roaming\Code\User\globalStorage\vexrobotics.vexcode\sdk\cpp\V5\V5_20240802_15_00_00/vexv5/gcc/libs\libc.a(lib_a-aeabi_memset-soft.o)
                0x0380013a                __aeabi_memset8
                0x0380013a                __aeabi_memset
                0x0380013a                __aeabi_memset4
 *(.text.*)
 .text._ZN7DualGPSC2ERN3vex3gpsES2_RNS0_8inertialENS0_13distanceUnitsE
                0x038001d4       0x78 build/src/DualGPS.o
                0x038001d4                DualGPS::DualGPS(vex::gps&, vex::gps&, vex::inertial&, vex::distanceUnits)
                0x038001d4                DualGPS::DualGPS(vex::gps&, vex::gps&, vex::inertial&, vex::distanceUnits)
 .text._ZN7DualGPS12updateThreadEPv
                0x0380024c       0x20 build/src/DualGPS.o
                0x0380024c                DualGPS::updateThread(void*)
 .text._ZN7DualGPSD2Ev
                0x0380026c       0x48 build/src/DualGPS.o
                0x0380026c                DualGPS::~DualGPS()
                0x0380026c                DualGPS::~DualGPS()
 *fill*         0x038002b4        0x4 
 .text._ZN7DualGPS14updatePositionEv
                0x038002b8      0x298 build/src/DualGPS.o
                0x038002b8                DualGPS::updatePosition()
 .text._ZN7DualGPS9xPositionEv
                0x03800550       0x34 build/src/DualGPS.o
                0x03800550                DualGPS::xPosition()
 .text._ZN7DualGPS9yPositionEv
                0x03800584       0x34 build/src/DualGPS.o
                0x03800584                DualGPS::yPosition()
 .text._ZN7DualGPS7headingEv
                0x038005b8       0x34 build/src/DualGPS.o
                0x038005b8                DualGPS::heading()
 .text._ZN7DualGPS7qualityEv
                0x038005ec       0x34 build/src/DualGPS.o
                0x038005ec                DualGPS::quality()
 .text._ZN7DualGPS9calibrateEv
                0x03800620       0x38 build/src/DualGPS.o
                0x03800620                DualGPS::calibrate()
 .text._ZN7DualGPS13isCalibratingEv
                0x03800658       0x40 build/src/DualGPS.o
                0x03800658                DualGPS::isCalibrating()
 .text._ZN3vex11motor_groupC2IJNS_5motorES2_EEERS2_DpRT_
                0x03800698       0x44 build/src/main.o
                0x03800698                vex::motor_group::motor_group<vex::motor, vex::motor>(vex::motor&, vex::motor&, vex::motor&)
 *fill*         0x038006dc        0x4 
 .text._Z20performStuckRecoveryv
                0x038006e0      0x118 build/src/main.o
                0x038006e0                performStuckRecovery()
 .text._Z20stuckDetectionThreadv
                0x038007f8      0x140 build/src/main.o
                0x038007f8                stuckDetectionThread()
 .text._ZN5DriveD2Ev
                0x03800938       0x7c build/src/main.o
                0x03800938                Drive::~Drive()
 .text._Z14auto_Isolationv
                0x038009b4       0x70 build/src/main.o
                0x038009b4                auto_Isolation()
 *fill*         0x03800a24        0x4 
 .text._Z16auto_Interactionv
                0x03800a28       0xd0 build/src/main.o
                0x03800a28                auto_Interaction()
 .text._Z14autonomousMainv
                0x03800af8       0x24 build/src/main.o
                0x03800af8                autonomousMain()
 *fill*         0x03800b1c        0x4 
 .text._Z11usercontrolv
                0x03800b20      0x4d0 build/src/main.o
                0x03800b20                usercontrol()
 .text.main     0x03800ff0      0x368 build/src/main.o
                0x03800ff0                main
 .text._GLOBAL__sub_I_main.cpp
                0x03801358      0x66c build/src/main.o
 .text._ZNSt6vectorI4RectSaIS0_EED2Ev
                0x038019c4       0x44 build/src/astar_test.o
                0x038019c4                std::vector<Rect, std::allocator<Rect> >::~vector()
 .text._GLOBAL__sub_I_astar_test.cpp
                0x03801a08       0x34 build/src/astar_test.o
 .text._Z13dashboardTaskv
                0x03801a3c      0x7cc build/src/dashboard.o
                0x03801a3c                dashboardTask()
 .text._Z16calculateBearingdddd
                0x03802208       0xb0 build/src/ai_functions.o
                0x03802208                calculateBearing(double, double, double, double)
 .text._Z8driveForidi
                0x038022b8      0x120 build/src/ai_functions.o
                0x038022b8                driveFor(int, double, int)
 .text._Z14moveToPositionddd
                0x038023d8      0x190 build/src/ai_functions.o
                0x038023d8                moveToPosition(double, double, double)
 .text._Z10findTarget6OBJECT
                0x03802568      0x118 build/src/ai_functions.o
                0x03802568                findTarget(OBJECT)
 .text._Z9runIntakeN3vex13directionTypeE
                0x03802680       0x48 build/src/ai_functions.o
                0x03802680                runIntake(vex::directionType)
 .text._Z22checkCapturedBallColor6OBJECT
                0x038026c8      0x2c0 build/src/ai_functions.o
                0x038026c8                checkCapturedBallColor(OBJECT)
 .text._Z13emergencyStopv
                0x03802988       0x6c build/src/ai_functions.o
                0x03802988                emergencyStop()
 *fill*         0x038029f4        0x4 
 .text._Z10FindObject6OBJECTff
                0x038029f8      0x39c build/src/ai_functions.o
                0x038029f8                FindObject(OBJECT, float, float)
 *fill*         0x03802d94        0x4 
 .text._Z14selectBestBallRKSt6vectorI16DETECTION_OBJECTSaIS0_EEddd
                0x03802d98      0x278 build/src/ai_functions.o
                0x03802d98                selectBestBall(std::vector<DETECTION_OBJECT, std::allocator<DETECTION_OBJECT> > const&, double, double, double)
 .text._Z13AlignToObject6OBJECTff
                0x03803010      0x574 build/src/ai_functions.o
                0x03803010                AlignToObject(OBJECT, float, float)
 *fill*         0x03803584        0x4 
 .text._Z14ApproachObject6OBJECTf
                0x03803588      0x454 build/src/ai_functions.o
                0x03803588                ApproachObject(OBJECT, float)
 *fill*         0x038039dc        0x4 
 .text._Z20collectMultipleBalls6OBJECTi
                0x038039e0      0x718 build/src/ai_functions.o
                0x038039e0                collectMultipleBalls(OBJECT, int)
 .text._Z9ScoreLGB1v
                0x038040f8      0x7f0 build/src/ai_functions.o
                0x038040f8                ScoreLGB1()
 .text._Z18displayGPSPositionv
                0x038048e8      0x190 build/src/ai_functions.o
                0x038048e8                displayGPSPosition()
 .text._Z19findGoalCoordinatesv
                0x03804a78      0x178 build/src/ai_functions.o
                0x03804a78                findGoalCoordinates()
 .text._Z13testWaypointsv
                0x03804bf0      0x608 build/src/ai_functions.o
                0x03804bf0                testWaypoints()
 .text._Z16testPathPlanningv
                0x038051f8      0xb38 build/src/ai_functions.o
                0x038051f8                testPathPlanning()
 .text._Z10pistontestv
                0x03805d30      0x310 build/src/ai_functions.o
                0x03805d30                pistontest()
 .text._Z25isolationMoveToCoordinatedd
                0x03806040      0x1b0 build/src/ai_functions.o
                0x03806040                isolationMoveToCoordinate(double, double)
 .text._Z25isolationRunMotorsForwardv
                0x038061f0       0xb8 build/src/ai_functions.o
                0x038061f0                isolationRunMotorsForward()
 .text._Z19isolationStopMotorsv
                0x038062a8       0x30 build/src/ai_functions.o
                0x038062a8                isolationStopMotors()
 .text._Z9Isolation6OBJECT
                0x038062d8      0xa78 build/src/ai_functions.o
                0x038062d8                Isolation(OBJECT)
 .text._Z11Interaction6OBJECT
                0x03806d50     0x1958 build/src/ai_functions.o
                0x03806d50                Interaction(OBJECT)
 .text._Z7Parking6OBJECT
                0x038086a8      0x2e0 build/src/ai_functions.o
                0x038086a8                Parking(OBJECT)
 .text._ZNSt6vectorI16DETECTION_OBJECTSaIS0_EE19_M_emplace_back_auxIJRKS0_EEEvDpOT_
                0x03808988       0xb0 build/src/ai_functions.o
                0x03808988                void std::vector<DETECTION_OBJECT, std::allocator<DETECTION_OBJECT> >::_M_emplace_back_aux<DETECTION_OBJECT const&>(DETECTION_OBJECT const&)
 .text._ZNKSt6vectorI16DETECTION_OBJECTSaIS0_EE12_M_check_lenEjPKc
                0x03808a38       0x64 build/src/ai_functions.o
                0x03808a38                std::vector<DETECTION_OBJECT, std::allocator<DETECTION_OBJECT> >::_M_check_len(unsigned int, char const*) const
 .text._ZNSt12_Vector_baseI16DETECTION_OBJECTSaIS0_EE11_M_allocateEj
                0x03808a9c       0x3c build/src/ai_functions.o
                0x03808a9c                std::_Vector_base<DETECTION_OBJECT, std::allocator<DETECTION_OBJECT> >::_M_allocate(unsigned int)
 .text._GLOBAL__sub_I_ai_functions.cpp
                0x03808ad8       0xb4 build/src/ai_functions.o
 *fill*         0x03808b8c        0x4 
 .text._ZNK4Rect8containsEdd
                0x03808b90       0xf8 build/src/field_map.o
                0x03808b90                Rect::contains(double, double) const
 .text._ZNK4Rect17intersectsSegmentEdddd
                0x03808c88      0x468 build/src/field_map.o
                0x03808c88                Rect::intersectsSegment(double, double, double, double) const
 .text._ZN8FieldMapC2Ev
                0x038090f0       0x60 build/src/field_map.o
                0x038090f0                FieldMap::FieldMap()
                0x038090f0                FieldMap::FieldMap()
 .text._ZNSt6vectorI4RectSaIS0_EE9push_backERKS0_
                0x03809150       0x60 build/src/field_map.o
                0x03809150                std::vector<Rect, std::allocator<Rect> >::push_back(Rect const&)
 .text._ZNK8FieldMap17isPointInObstacleEdd
                0x038091b0       0xc4 build/src/field_map.o
                0x038091b0                FieldMap::isPointInObstacle(double, double) const
 .text._ZNK8FieldMap23lineIntersectsObstaclesEdddd
                0x03809274      0x104 build/src/field_map.o
                0x03809274                FieldMap::lineIntersectsObstacles(double, double, double, double) const
 .text._ZN8FieldMap21populateStandardFieldEv
                0x03809378      0x510 build/src/field_map.o
                0x03809378                FieldMap::populateStandardField()
 .text._ZNSt6vectorI4RectSaIS0_EE19_M_emplace_back_auxIJRKS0_EEEvDpOT_
                0x03809888      0x108 build/src/field_map.o
                0x03809888                void std::vector<Rect, std::allocator<Rect> >::_M_emplace_back_aux<Rect const&>(Rect const&)
 .text._ZNKSt6vectorI4RectSaIS0_EE12_M_check_lenEjPKc
                0x03809990       0x64 build/src/field_map.o
                0x03809990                std::vector<Rect, std::allocator<Rect> >::_M_check_len(unsigned int, char const*) const
 .text._ZNSt12_Vector_baseI4RectSaIS0_EE11_M_allocateEj
                0x038099f4       0x3c build/src/field_map.o
                0x038099f4                std::_Vector_base<Rect, std::allocator<Rect> >::_M_allocate(unsigned int)
 .text._ZN5astar8findPathERK8FieldMapddddddd
                0x03809a30      0xbb8 build/src/astar.o
                0x03809a30                astar::findPath(FieldMap const&, double, double, double, double, double, double, double)
 .text._ZNSt14priority_queueIZN5astar8findPathERK8FieldMapdddddddE6PQNodeSt6vectorIS4_SaIS4_EEZNS0_8findPathES3_dddddddE6PQCompE4pushEOS4_
                0x0380a5e8      0x13c build/src/astar.o
 .text._ZNSt10_HashtableIxSt4pairIKxxESaIS2_ENSt8__detail10_Select1stESt8equal_toIxESt4hashIxENS4_18_Mod_range_hashingENS4_20_Default_ranged_hashENS4_20_Prime_rehash_policyENS4_17_Hashtable_traitsILb0ELb0ELb1EEEED2Ev
                0x0380a724       0x30 build/src/astar.o
                0x0380a724                std::_Hashtable<long long, std::pair<long long const, long long>, std::allocator<std::pair<long long const, long long> >, std::__detail::_Select1st, std::equal_to<long long>, std::hash<long long>, std::__detail::_Mod_range_hashing, std::__detail::_Default_ranged_hash, std::__detail::_Prime_rehash_policy, std::__detail::_Hashtable_traits<false, false, true> >::~_Hashtable()
 .text._ZNSt10_HashtableIxSt4pairIKxxESaIS2_ENSt8__detail10_Select1stESt8equal_toIxESt4hashIxENS4_18_Mod_range_hashingENS4_20_Default_ranged_hashENS4_20_Prime_rehash_policyENS4_17_Hashtable_traitsILb0ELb0ELb1EEEE5clearEv
                0x0380a754       0x48 build/src/astar.o
                0x0380a754                std::_Hashtable<long long, std::pair<long long const, long long>, std::allocator<std::pair<long long const, long long> >, std::__detail::_Select1st, std::equal_to<long long>, std::hash<long long>, std::__detail::_Mod_range_hashing, std::__detail::_Default_ranged_hash, std::__detail::_Prime_rehash_policy, std::__detail::_Hashtable_traits<false, false, true> >::clear()
 .text._ZNSt10_HashtableIxSt4pairIKxdESaIS2_ENSt8__detail10_Select1stESt8equal_toIxESt4hashIxENS4_18_Mod_range_hashingENS4_20_Default_ranged_hashENS4_20_Prime_rehash_policyENS4_17_Hashtable_traitsILb0ELb0ELb1EEEED2Ev
                0x0380a79c       0x30 build/src/astar.o
                0x0380a79c                std::_Hashtable<long long, std::pair<long long const, double>, std::allocator<std::pair<long long const, double> >, std::__detail::_Select1st, std::equal_to<long long>, std::hash<long long>, std::__detail::_Mod_range_hashing, std::__detail::_Default_ranged_hash, std::__detail::_Prime_rehash_policy, std::__detail::_Hashtable_traits<false, false, true> >::~_Hashtable()
 .text._ZNSt10_HashtableIxSt4pairIKxdESaIS2_ENSt8__detail10_Select1stESt8equal_toIxESt4hashIxENS4_18_Mod_range_hashingENS4_20_Default_ranged_hashENS4_20_Prime_rehash_policyENS4_17_Hashtable_traitsILb0ELb0ELb1EEEE5clearEv
                0x0380a7cc       0x48 build/src/astar.o
                0x0380a7cc                std::_Hashtable<long long, std::pair<long long const, double>, std::allocator<std::pair<long long const, double> >, std::__detail::_Select1st, std::equal_to<long long>, std::hash<long long>, std::__detail::_Mod_range_hashing, std::__detail::_Default_ranged_hash, std::__detail::_Prime_rehash_policy, std::__detail::_Hashtable_traits<false, false, true> >::clear()
 .text._ZSt13__adjust_heapIN9__gnu_cxx17__normal_iteratorIPZN5astar8findPathERK8FieldMapdddddddE6PQNodeSt6vectorIS6_SaIS6_EEEEiS6_NS0_5__ops15_Iter_comp_iterIZNS2_8findPathES5_dddddddE6PQCompEEEvT_T0_SH_T1_T2_
                0x0380a814      0x114 build/src/astar.o
 .text._ZNSt10_HashtableIxSt4pairIKxdESaIS2_ENSt8__detail10_Select1stESt8equal_toIxESt4hashIxENS4_18_Mod_range_hashingENS4_20_Default_ranged_hashENS4_20_Prime_rehash_policyENS4_17_Hashtable_traitsILb0ELb0ELb1EEEEC2EjRKS9_RKSA_RKSB_RKS7_RKS5_RKS3_
                0x0380a928       0x78 build/src/astar.o
                0x0380a928                std::_Hashtable<long long, std::pair<long long const, double>, std::allocator<std::pair<long long const, double> >, std::__detail::_Select1st, std::equal_to<long long>, std::hash<long long>, std::__detail::_Mod_range_hashing, std::__detail::_Default_ranged_hash, std::__detail::_Prime_rehash_policy, std::__detail::_Hashtable_traits<false, false, true> >::_Hashtable(unsigned int, std::hash<long long> const&, std::__detail::_Mod_range_hashing const&, std::__detail::_Default_ranged_hash const&, std::equal_to<long long> const&, std::__detail::_Select1st const&, std::allocator<std::pair<long long const, double> > const&)
 .text._ZNSt10_HashtableIxSt4pairIKxxESaIS2_ENSt8__detail10_Select1stESt8equal_toIxESt4hashIxENS4_18_Mod_range_hashingENS4_20_Default_ranged_hashENS4_20_Prime_rehash_policyENS4_17_Hashtable_traitsILb0ELb0ELb1EEEEC2EjRKS9_RKSA_RKSB_RKS7_RKS5_RKS3_
                0x0380a9a0       0x78 build/src/astar.o
                0x0380a9a0                std::_Hashtable<long long, std::pair<long long const, long long>, std::allocator<std::pair<long long const, long long> >, std::__detail::_Select1st, std::equal_to<long long>, std::hash<long long>, std::__detail::_Mod_range_hashing, std::__detail::_Default_ranged_hash, std::__detail::_Prime_rehash_policy, std::__detail::_Hashtable_traits<false, false, true> >::_Hashtable(unsigned int, std::hash<long long> const&, std::__detail::_Mod_range_hashing const&, std::__detail::_Default_ranged_hash const&, std::equal_to<long long> const&, std::__detail::_Select1st const&, std::allocator<std::pair<long long const, long long> > const&)
 .text._ZNSt8__detail9_Map_baseIxSt4pairIKxdESaIS3_ENS_10_Select1stESt8equal_toIxESt4hashIxENS_18_Mod_range_hashingENS_20_Default_ranged_hashENS_20_Prime_rehash_policyENS_17_Hashtable_traitsILb0ELb0ELb1EEELb1EEixERS2_
                0x0380aa18       0xf4 build/src/astar.o
                0x0380aa18                std::__detail::_Map_base<long long, std::pair<long long const, double>, std::allocator<std::pair<long long const, double> >, std::__detail::_Select1st, std::equal_to<long long>, std::hash<long long>, std::__detail::_Mod_range_hashing, std::__detail::_Default_ranged_hash, std::__detail::_Prime_rehash_policy, std::__detail::_Hashtable_traits<false, false, true>, true>::operator[](long long const&)
 .text._ZNSt10_HashtableIxSt4pairIKxdESaIS2_ENSt8__detail10_Select1stESt8equal_toIxESt4hashIxENS4_18_Mod_range_hashingENS4_20_Default_ranged_hashENS4_20_Prime_rehash_policyENS4_17_Hashtable_traitsILb0ELb0ELb1EEEE21_M_insert_unique_nodeEjjPNS4_10_Hash_nodeIS2_Lb0EEE
                0x0380ab0c       0x88 build/src/astar.o
                0x0380ab0c                std::_Hashtable<long long, std::pair<long long const, double>, std::allocator<std::pair<long long const, double> >, std::__detail::_Select1st, std::equal_to<long long>, std::hash<long long>, std::__detail::_Mod_range_hashing, std::__detail::_Default_ranged_hash, std::__detail::_Prime_rehash_policy, std::__detail::_Hashtable_traits<false, false, true> >::_M_insert_unique_node(unsigned int, unsigned int, std::__detail::_Hash_node<std::pair<long long const, double>, false>*)
 .text._ZNSt10_HashtableIxSt4pairIKxdESaIS2_ENSt8__detail10_Select1stESt8equal_toIxESt4hashIxENS4_18_Mod_range_hashingENS4_20_Default_ranged_hashENS4_20_Prime_rehash_policyENS4_17_Hashtable_traitsILb0ELb0ELb1EEEE22_M_insert_bucket_beginEjPNS4_10_Hash_nodeIS2_Lb0EEE
                0x0380ab94       0x70 build/src/astar.o
                0x0380ab94                std::_Hashtable<long long, std::pair<long long const, double>, std::allocator<std::pair<long long const, double> >, std::__detail::_Select1st, std::equal_to<long long>, std::hash<long long>, std::__detail::_Mod_range_hashing, std::__detail::_Default_ranged_hash, std::__detail::_Prime_rehash_policy, std::__detail::_Hashtable_traits<false, false, true> >::_M_insert_bucket_begin(unsigned int, std::__detail::_Hash_node<std::pair<long long const, double>, false>*)
 .text._ZNSt10_HashtableIxSt4pairIKxdESaIS2_ENSt8__detail10_Select1stESt8equal_toIxESt4hashIxENS4_18_Mod_range_hashingENS4_20_Default_ranged_hashENS4_20_Prime_rehash_policyENS4_17_Hashtable_traitsILb0ELb0ELb1EEEE13_M_rehash_auxEjSt17integral_constantIbLb1EE
                0x0380ac04       0xe0 build/src/astar.o
                0x0380ac04                std::_Hashtable<long long, std::pair<long long const, double>, std::allocator<std::pair<long long const, double> >, std::__detail::_Select1st, std::equal_to<long long>, std::hash<long long>, std::__detail::_Mod_range_hashing, std::__detail::_Default_ranged_hash, std::__detail::_Prime_rehash_policy, std::__detail::_Hashtable_traits<false, false, true> >::_M_rehash_aux(unsigned int, std::integral_constant<bool, true>)
 .text._ZNSt10_HashtableIxSt4pairIKxdESaIS2_ENSt8__detail10_Select1stESt8equal_toIxESt4hashIxENS4_18_Mod_range_hashingENS4_20_Default_ranged_hashENS4_20_Prime_rehash_policyENS4_17_Hashtable_traitsILb0ELb0ELb1EEEE4findERS1_
                0x0380ace4       0xb0 build/src/astar.o
                0x0380ace4                std::_Hashtable<long long, std::pair<long long const, double>, std::allocator<std::pair<long long const, double> >, std::__detail::_Select1st, std::equal_to<long long>, std::hash<long long>, std::__detail::_Mod_range_hashing, std::__detail::_Default_ranged_hash, std::__detail::_Prime_rehash_policy, std::__detail::_Hashtable_traits<false, false, true> >::find(long long const&)
 .text._ZNSt8__detail9_Map_baseIxSt4pairIKxxESaIS3_ENS_10_Select1stESt8equal_toIxESt4hashIxENS_18_Mod_range_hashingENS_20_Default_ranged_hashENS_20_Prime_rehash_policyENS_17_Hashtable_traitsILb0ELb0ELb1EEELb1EEixERS2_
                0x0380ad94       0xf4 build/src/astar.o
                0x0380ad94                std::__detail::_Map_base<long long, std::pair<long long const, long long>, std::allocator<std::pair<long long const, long long> >, std::__detail::_Select1st, std::equal_to<long long>, std::hash<long long>, std::__detail::_Mod_range_hashing, std::__detail::_Default_ranged_hash, std::__detail::_Prime_rehash_policy, std::__detail::_Hashtable_traits<false, false, true>, true>::operator[](long long const&)
 .text._ZNSt10_HashtableIxSt4pairIKxxESaIS2_ENSt8__detail10_Select1stESt8equal_toIxESt4hashIxENS4_18_Mod_range_hashingENS4_20_Default_ranged_hashENS4_20_Prime_rehash_policyENS4_17_Hashtable_traitsILb0ELb0ELb1EEEE21_M_insert_unique_nodeEjjPNS4_10_Hash_nodeIS2_Lb0EEE
                0x0380ae88       0x88 build/src/astar.o
                0x0380ae88                std::_Hashtable<long long, std::pair<long long const, long long>, std::allocator<std::pair<long long const, long long> >, std::__detail::_Select1st, std::equal_to<long long>, std::hash<long long>, std::__detail::_Mod_range_hashing, std::__detail::_Default_ranged_hash, std::__detail::_Prime_rehash_policy, std::__detail::_Hashtable_traits<false, false, true> >::_M_insert_unique_node(unsigned int, unsigned int, std::__detail::_Hash_node<std::pair<long long const, long long>, false>*)
 .text._ZNSt10_HashtableIxSt4pairIKxxESaIS2_ENSt8__detail10_Select1stESt8equal_toIxESt4hashIxENS4_18_Mod_range_hashingENS4_20_Default_ranged_hashENS4_20_Prime_rehash_policyENS4_17_Hashtable_traitsILb0ELb0ELb1EEEE22_M_insert_bucket_beginEjPNS4_10_Hash_nodeIS2_Lb0EEE
                0x0380af10       0x70 build/src/astar.o
                0x0380af10                std::_Hashtable<long long, std::pair<long long const, long long>, std::allocator<std::pair<long long const, long long> >, std::__detail::_Select1st, std::equal_to<long long>, std::hash<long long>, std::__detail::_Mod_range_hashing, std::__detail::_Default_ranged_hash, std::__detail::_Prime_rehash_policy, std::__detail::_Hashtable_traits<false, false, true> >::_M_insert_bucket_begin(unsigned int, std::__detail::_Hash_node<std::pair<long long const, long long>, false>*)
 .text._ZNSt10_HashtableIxSt4pairIKxxESaIS2_ENSt8__detail10_Select1stESt8equal_toIxESt4hashIxENS4_18_Mod_range_hashingENS4_20_Default_ranged_hashENS4_20_Prime_rehash_policyENS4_17_Hashtable_traitsILb0ELb0ELb1EEEE13_M_rehash_auxEjSt17integral_constantIbLb1EE
                0x0380af80       0xe0 build/src/astar.o
                0x0380af80                std::_Hashtable<long long, std::pair<long long const, long long>, std::allocator<std::pair<long long const, long long> >, std::__detail::_Select1st, std::equal_to<long long>, std::hash<long long>, std::__detail::_Mod_range_hashing, std::__detail::_Default_ranged_hash, std::__detail::_Prime_rehash_policy, std::__detail::_Hashtable_traits<false, false, true> >::_M_rehash_aux(unsigned int, std::integral_constant<bool, true>)
 .text._ZNSt6vectorISt4pairIddESaIS1_EE19_M_emplace_back_auxIJS1_EEEvDpOT_
                0x0380b060       0x8c build/src/astar.o
                0x0380b060                void std::vector<std::pair<double, double>, std::allocator<std::pair<double, double> > >::_M_emplace_back_aux<std::pair<double, double> >(std::pair<double, double>&&)
 .text._ZNKSt6vectorISt4pairIddESaIS1_EE12_M_check_lenEjPKc
                0x0380b0ec       0x54 build/src/astar.o
                0x0380b0ec                std::vector<std::pair<double, double>, std::allocator<std::pair<double, double> > >::_M_check_len(unsigned int, char const*) const
 .text._ZNSt12_Vector_baseISt4pairIddESaIS1_EE11_M_allocateEj
                0x0380b140       0x30 build/src/astar.o
                0x0380b140                std::_Vector_base<std::pair<double, double>, std::allocator<std::pair<double, double> > >::_M_allocate(unsigned int)
 .text._ZNSt10_HashtableIxSt4pairIKxxESaIS2_ENSt8__detail10_Select1stESt8equal_toIxESt4hashIxENS4_18_Mod_range_hashingENS4_20_Default_ranged_hashENS4_20_Prime_rehash_policyENS4_17_Hashtable_traitsILb0ELb0ELb1EEEE4findERS1_
                0x0380b170       0xb0 build/src/astar.o
                0x0380b170                std::_Hashtable<long long, std::pair<long long const, long long>, std::allocator<std::pair<long long const, long long> >, std::__detail::_Select1st, std::equal_to<long long>, std::hash<long long>, std::__detail::_Mod_range_hashing, std::__detail::_Default_ranged_hash, std::__detail::_Prime_rehash_policy, std::__detail::_Hashtable_traits<false, false, true> >::find(long long const&)
 .text._ZN2ai10robot_linkC2ElPKcN3vex8linkTypeE
                0x0380b220       0x98 build/src/ai_robot_link.o
                0x0380b220                ai::robot_link::robot_link(long, char const*, vex::linkType)
                0x0380b220                ai::robot_link::robot_link(long, char const*, vex::linkType)
 .text._ZN2ai10robot_link7tx_taskEPv
                0x0380b2b8       0xe0 build/src/ai_robot_link.o
                0x0380b2b8                ai::robot_link::tx_task(void*)
 .text._ZN2ai10robot_link7rx_taskEPv
                0x0380b398       0x8c build/src/ai_robot_link.o
                0x0380b398                ai::robot_link::rx_task(void*)
 .text._ZN2ai10robot_linkD2Ev
                0x0380b424       0x4c build/src/ai_robot_link.o
                0x0380b424                ai::robot_link::~robot_link()
                0x0380b424                ai::robot_link::~robot_link()
 .text._ZN2ai10robot_linkD0Ev
                0x0380b470       0x14 build/src/ai_robot_link.o
                0x0380b470                ai::robot_link::~robot_link()
 .text._ZN2ai10robot_link11get_packetsEv
                0x0380b484        0x8 build/src/ai_robot_link.o
                0x0380b484                ai::robot_link::get_packets()
 .text._ZN2ai10robot_link10get_errorsEv
                0x0380b48c        0x8 build/src/ai_robot_link.o
                0x0380b48c                ai::robot_link::get_errors()
 .text._ZN2ai10robot_link12get_timeoutsEv
                0x0380b494        0x8 build/src/ai_robot_link.o
                0x0380b494                ai::robot_link::get_timeouts()
 .text._ZN2ai10robot_link9get_totalEv
                0x0380b49c        0x8 build/src/ai_robot_link.o
                0x0380b49c                ai::robot_link::get_total()
 .text._ZN2ai10robot_link19set_remote_locationEfffl
                0x0380b4a4       0x78 build/src/ai_robot_link.o
                0x0380b4a4                ai::robot_link::set_remote_location(float, float, float, long)
 .text._ZN2ai10robot_link18get_local_locationERfS1_S1_Rl
                0x0380b51c       0x88 build/src/ai_robot_link.o
                0x0380b51c                ai::robot_link::get_local_location(float&, float&, float&, long&)
 .text._ZN2ai10robot_link19get_remote_locationERfS1_S1_
                0x0380b5a4       0x7c build/src/ai_robot_link.o
                0x0380b5a4                ai::robot_link::get_remote_location(float&, float&, float&)
 .text._ZN2ai10robot_link7processEh
                0x0380b620      0x258 build/src/ai_robot_link.o
                0x0380b620                ai::robot_link::process(unsigned char)
 .text._ZN2ai6jetsonC2Ev
                0x0380b878       0x60 build/src/ai_jetson.o
                0x0380b878                ai::jetson::jetson()
                0x0380b878                ai::jetson::jetson()
 .text._ZN2ai6jetson12receive_taskEPv
                0x0380b8d8       0x8c build/src/ai_jetson.o
                0x0380b8d8                ai::jetson::receive_task(void*)
 .text._ZN2ai6jetsonD2Ev
                0x0380b964       0x28 build/src/ai_jetson.o
                0x0380b964                ai::jetson::~jetson()
                0x0380b964                ai::jetson::~jetson()
 .text._ZN2ai6jetson11get_packetsEv
                0x0380b98c        0x8 build/src/ai_jetson.o
                0x0380b98c                ai::jetson::get_packets()
 .text._ZN2ai6jetson10get_errorsEv
                0x0380b994        0x8 build/src/ai_jetson.o
                0x0380b994                ai::jetson::get_errors()
 .text._ZN2ai6jetson12get_timeoutsEv
                0x0380b99c        0x8 build/src/ai_jetson.o
                0x0380b99c                ai::jetson::get_timeouts()
 .text._ZN2ai6jetson9get_totalEv
                0x0380b9a4        0x8 build/src/ai_jetson.o
                0x0380b9a4                ai::jetson::get_total()
 .text._ZN2ai6jetson8get_dataEP9AI_RECORD
                0x0380b9ac       0x5c build/src/ai_jetson.o
                0x0380b9ac                ai::jetson::get_data(AI_RECORD*)
 .text._ZN2ai6jetson5crc32EPhmm
                0x0380ba08       0x84 build/src/ai_jetson.o
                0x0380ba08                ai::jetson::crc32(unsigned char*, unsigned long, unsigned long)
 .text._ZN2ai6jetson5parseEh
                0x0380ba8c      0x31c build/src/ai_jetson.o
                0x0380ba8c                ai::jetson::parse(unsigned char)
 .text._ZN2ai6jetson11request_mapEv
                0x0380bda8       0x88 build/src/ai_jetson.o
                0x0380bda8                ai::jetson::request_map()
 .text._Z15reduce_0_to_360f
                0x0380be30       0x7c build/src/JAR-Template/util.o
                0x0380be30                reduce_0_to_360(float)
 .text._Z26reduce_negative_180_to_180f
                0x0380beac       0x90 build/src/JAR-Template/util.o
                0x0380beac                reduce_negative_180_to_180(float)
 .text._Z5clampfff
                0x0380bf3c       0x2c build/src/JAR-Template/util.o
                0x0380bf3c                clamp(float, float, float)
 .text._Z11is_reversedd
                0x0380bf68       0x18 build/src/JAR-Template/util.o
                0x0380bf68                is_reversed(double)
 .text._Z7to_voltf
                0x0380bf80       0x30 build/src/JAR-Template/util.o
                0x0380bf80                to_volt(float)
 .text._Z7to_porti
                0x0380bfb0       0x10 build/src/JAR-Template/util.o
                0x0380bfb0                to_port(int)
 .text._Z8deadbandff
                0x0380bfc0       0x28 build/src/JAR-Template/util.o
                0x0380bfc0                deadband(float, float)
 .text._ZN4Odom22set_physical_distancesEff
                0x0380bfe8        0x8 build/src/JAR-Template/odom.o
                0x0380bfe8                Odom::set_physical_distances(float, float)
 .text._ZN5DriveC2E11drive_setupN3vex11motor_groupES2_ifffiiiiiffiff
                0x0380bff0      0x268 build/src/JAR-Template/drive.o
                0x0380bff0                Drive::Drive(drive_setup, vex::motor_group, vex::motor_group, int, float, float, float, int, int, int, int, int, float, float, int, float, float)
                0x0380bff0                Drive::Drive(drive_setup, vex::motor_group, vex::motor_group, int, float, float, float, int, int, int, int, int, float, float, int, float, float)
 .text._ZN5Drive18drive_with_voltageEff
                0x0380c258       0x6c build/src/JAR-Template/drive.o
                0x0380c258                Drive::drive_with_voltage(float, float)
 .text._ZN5Drive18set_turn_constantsEfffff
                0x0380c2c4       0x1c build/src/JAR-Template/drive.o
                0x0380c2c4                Drive::set_turn_constants(float, float, float, float, float)
 .text._ZN5Drive19set_drive_constantsEfffff
                0x0380c2e0       0x1c build/src/JAR-Template/drive.o
                0x0380c2e0                Drive::set_drive_constants(float, float, float, float, float)
 .text._ZN5Drive21set_heading_constantsEfffff
                0x0380c2fc       0x1c build/src/JAR-Template/drive.o
                0x0380c2fc                Drive::set_heading_constants(float, float, float, float, float)
 .text._ZN5Drive19set_swing_constantsEfffff
                0x0380c318       0x1c build/src/JAR-Template/drive.o
                0x0380c318                Drive::set_swing_constants(float, float, float, float, float)
 .text._ZN5Drive24set_turn_exit_conditionsEfff
                0x0380c334        0xc build/src/JAR-Template/drive.o
                0x0380c334                Drive::set_turn_exit_conditions(float, float, float)
 .text._ZN5Drive25set_drive_exit_conditionsEfff
                0x0380c340        0xc build/src/JAR-Template/drive.o
                0x0380c340                Drive::set_drive_exit_conditions(float, float, float)
 .text._ZN5Drive25set_swing_exit_conditionsEfff
                0x0380c34c        0xc build/src/JAR-Template/drive.o
                0x0380c34c                Drive::set_swing_exit_conditions(float, float, float)
 .text._ZN5Drive20get_absolute_headingEv
                0x0380c358       0x48 build/src/JAR-Template/drive.o
                0x0380c358                Drive::get_absolute_heading()
 .text._ZN5Drive13turn_to_angleEf
                0x0380c3a0       0x50 build/src/JAR-Template/drive.o
                0x0380c3a0                Drive::turn_to_angle(float)
 .text._ZN5Drive13turn_to_angleEfffffffff
                0x0380c3f0      0x158 build/src/JAR-Template/drive.o
                0x0380c3f0                Drive::turn_to_angle(float, float, float, float, float, float, float, float, float)
 .text._ZN5Drive14drive_distanceEf
                0x0380c548       0xc8 build/src/JAR-Template/drive.o
                0x0380c548                Drive::drive_distance(float)
 .text._ZN5Drive14drive_distanceEfffffffffffffff
                0x0380c610      0x2c0 build/src/JAR-Template/drive.o
                0x0380c610                Drive::drive_distance(float, float, float, float, float, float, float, float, float, float, float, float, float, float, float)
 .text._ZN5Drive11set_headingEf
                0x0380c8d0       0x50 build/src/JAR-Template/drive.o
                0x0380c8d0                Drive::set_heading(float)
 .text._ZN5Drive14control_arcadeEv
                0x0380c920      0x114 build/src/JAR-Template/drive.o
                0x0380c920                Drive::control_arcade()
 .text._ZN3PIDC2Efffff
                0x0380ca34       0x38 build/src/JAR-Template/PID.o
                0x0380ca34                PID::PID(float, float, float, float, float)
                0x0380ca34                PID::PID(float, float, float, float, float)
 .text._ZN3PIDC2Effffffff
                0x0380ca6c       0x50 build/src/JAR-Template/PID.o
                0x0380ca6c                PID::PID(float, float, float, float, float, float, float, float)
                0x0380ca6c                PID::PID(float, float, float, float, float, float, float, float)
 .text._ZN3PID7computeEf
                0x0380cabc       0xd0 build/src/JAR-Template/PID.o
                0x0380cabc                PID::compute(float)
 .text._ZN3PID10is_settledEv
                0x0380cb8c       0x44 build/src/JAR-Template/PID.o
                0x0380cb8c                PID::is_settled()
 .text.vexMain  0x0380cbd0       0xb0 c:\Users\surya\AppData\Roaming\Code\User\globalStorage\vexrobotics.vexcode\sdk\cpp\V5\V5_20240802_15_00_00/vexv5\libv5rt.a(v5_startup.c.obj)
                0x0380cbd0                vexMain
 .text.__vex_function_prolog
                0x0380cc80       0x18 c:\Users\surya\AppData\Roaming\Code\User\globalStorage\vexrobotics.vexcode\sdk\cpp\V5\V5_20240802_15_00_00/vexv5\libv5rt.a(v5_startup.c.obj)
                0x0380cc80                __vex_function_prolog
 .text._init    0x0380cc98        0x4 c:\Users\surya\AppData\Roaming\Code\User\globalStorage\vexrobotics.vexcode\sdk\cpp\V5\V5_20240802_15_00_00/vexv5\libv5rt.a(v5_startup.c.obj)
                0x0380cc98                _init
 .text._fini    0x0380cc9c        0x4 c:\Users\surya\AppData\Roaming\Code\User\globalStorage\vexrobotics.vexcode\sdk\cpp\V5\V5_20240802_15_00_00/vexv5\libv5rt.a(v5_startup.c.obj)
                0x0380cc9c                _fini
 .text.vexStdlibVersionLinked
                0x0380cca0        0xc c:\Users\surya\AppData\Roaming\Code\User\globalStorage\vexrobotics.vexcode\sdk\cpp\V5\V5_20240802_15_00_00/vexv5\libv5rt.a(v5_util.c.obj)
                0x0380cca0                vexStdlibVersionLinked
 .text.vexStdlibVersionVerify
                0x0380ccac       0x30 c:\Users\surya\AppData\Roaming\Code\User\globalStorage\vexrobotics.vexcode\sdk\cpp\V5\V5_20240802_15_00_00/vexv5\libv5rt.a(v5_util.c.obj)
                0x0380ccac                vexStdlibVersionVerify
 .text.vexPrivateApiEnable
                0x0380ccdc       0x10 c:\Users\surya\AppData\Roaming\Code\User\globalStorage\vexrobotics.vexcode\sdk\cpp\V5\V5_20240802_15_00_00/vexv5\libv5rt.a(v5_apijump.c.obj)
                0x0380ccdc                vexPrivateApiEnable
 .text.vexStdlibMismatchError
                0x0380ccec       0x3c c:\Users\surya\AppData\Roaming\Code\User\globalStorage\vexrobotics.vexcode\sdk\cpp\V5\V5_20240802_15_00_00/vexv5\libv5rt.a(v5_apijump.c.obj)
                0x0380ccec                vexStdlibMismatchError
 .text.vexTaskAdd
                0x0380cd28       0x10 c:\Users\surya\AppData\Roaming\Code\User\globalStorage\vexrobotics.vexcode\sdk\cpp\V5\V5_20240802_15_00_00/vexv5\libv5rt.a(v5_apijump.c.obj)
                0x0380cd28                vexTaskAdd
 .text.vexTasksRun
                0x0380cd38       0x10 c:\Users\surya\AppData\Roaming\Code\User\globalStorage\vexrobotics.vexcode\sdk\cpp\V5\V5_20240802_15_00_00/vexv5\libv5rt.a(v5_apijump.c.obj)
                0x0380cd38                vexTasksRun
 .text.vexTaskYield
                0x0380cd48       0x10 c:\Users\surya\AppData\Roaming\Code\User\globalStorage\vexrobotics.vexcode\sdk\cpp\V5\V5_20240802_15_00_00/vexv5\libv5rt.a(v5_apijump.c.obj)
                0x0380cd48                vexTaskYield
 .text.vexTaskCheckTimeslice
                0x0380cd58       0x10 c:\Users\surya\AppData\Roaming\Code\User\globalStorage\vexrobotics.vexcode\sdk\cpp\V5\V5_20240802_15_00_00/vexv5\libv5rt.a(v5_apijump.c.obj)
                0x0380cd58                vexTaskCheckTimeslice
 .text.vexTaskGetIndex
                0x0380cd68       0x10 c:\Users\surya\AppData\Roaming\Code\User\globalStorage\vexrobotics.vexcode\sdk\cpp\V5\V5_20240802_15_00_00/vexv5\libv5rt.a(v5_apijump.c.obj)
                0x0380cd68                vexTaskGetIndex
 .text.vexTaskSleep
                0x0380cd78       0x10 c:\Users\surya\AppData\Roaming\Code\User\globalStorage\vexrobotics.vexcode\sdk\cpp\V5\V5_20240802_15_00_00/vexv5\libv5rt.a(v5_apijump.c.obj)
                0x0380cd78                vexTaskSleep
 .text.vexSemaphoreInit
                0x0380cd88       0x24 c:\Users\surya\AppData\Roaming\Code\User\globalStorage\vexrobotics.vexcode\sdk\cpp\V5\V5_20240802_15_00_00/vexv5\libv5rt.a(v5_apijump.c.obj)
                0x0380cd88                vexSemaphoreInit
 .text.vexSemaphoreLock
                0x0380cdac       0x2c c:\Users\surya\AppData\Roaming\Code\User\globalStorage\vexrobotics.vexcode\sdk\cpp\V5\V5_20240802_15_00_00/vexv5\libv5rt.a(v5_apijump.c.obj)
                0x0380cdac                vexSemaphoreLock
 .text.vexSemaphoreUnlock
                0x0380cdd8       0x24 c:\Users\surya\AppData\Roaming\Code\User\globalStorage\vexrobotics.vexcode\sdk\cpp\V5\V5_20240802_15_00_00/vexv5\libv5rt.a(v5_apijump.c.obj)
                0x0380cdd8                vexSemaphoreUnlock
 .text.vexTasksDump
                0x0380cdfc       0x1c c:\Users\surya\AppData\Roaming\Code\User\globalStorage\vexrobotics.vexcode\sdk\cpp\V5\V5_20240802_15_00_00/vexv5\libv5rt.a(v5_apijump.c.obj)
                0x0380cdfc                vexTasksDump
 .text.vexTaskGetTaskIndex
                0x0380ce18       0x10 c:\Users\surya\AppData\Roaming\Code\User\globalStorage\vexrobotics.vexcode\sdk\cpp\V5\V5_20240802_15_00_00/vexv5\libv5rt.a(v5_apijump.c.obj)
                0x0380ce18                vexTaskGetTaskIndex
 .text.vexTaskStopAll
                0x0380ce28       0x10 c:\Users\surya\AppData\Roaming\Code\User\globalStorage\vexrobotics.vexcode\sdk\cpp\V5\V5_20240802_15_00_00/vexv5\libv5rt.a(v5_apijump.c.obj)
                0x0380ce28                vexTaskStopAll
 .text.vexTaskRemoveAllUser
                0x0380ce38       0x34 c:\Users\surya\AppData\Roaming\Code\User\globalStorage\vexrobotics.vexcode\sdk\cpp\V5\V5_20240802_15_00_00/vexv5\libv5rt.a(v5_apijump.c.obj)
                0x0380ce38                vexTaskRemoveAllUser
 .text.vexTaskCompletionIdSet
                0x0380ce6c       0x10 c:\Users\surya\AppData\Roaming\Code\User\globalStorage\vexrobotics.vexcode\sdk\cpp\V5\V5_20240802_15_00_00/vexv5\libv5rt.a(v5_apijump.c.obj)
                0x0380ce6c                vexTaskCompletionIdSet
 .text.vexTaskAddWithArg
                0x0380ce7c       0x10 c:\Users\surya\AppData\Roaming\Code\User\globalStorage\vexrobotics.vexcode\sdk\cpp\V5\V5_20240802_15_00_00/vexv5\libv5rt.a(v5_apijump.c.obj)
                0x0380ce7c                vexTaskAddWithArg
 .text.vexTaskStopWithId
                0x0380ce8c       0x10 c:\Users\surya\AppData\Roaming\Code\User\globalStorage\vexrobotics.vexcode\sdk\cpp\V5\V5_20240802_15_00_00/vexv5\libv5rt.a(v5_apijump.c.obj)
                0x0380ce8c                vexTaskStopWithId
 .text.vexTaskPrioritySetWithId
                0x0380ce9c       0x10 c:\Users\surya\AppData\Roaming\Code\User\globalStorage\vexrobotics.vexcode\sdk\cpp\V5\V5_20240802_15_00_00/vexv5\libv5rt.a(v5_apijump.c.obj)
                0x0380ce9c                vexTaskPrioritySetWithId
 .text.vexTaskGetCallbackAndId
                0x0380ceac       0x54 c:\Users\surya\AppData\Roaming\Code\User\globalStorage\vexrobotics.vexcode\sdk\cpp\V5\V5_20240802_15_00_00/vexv5\libv5rt.a(v5_apijump.c.obj)
                0x0380ceac                vexTaskGetCallbackAndId
 .text.vexCriticalSection
                0x0380cf00       0x2c c:\Users\surya\AppData\Roaming\Code\User\globalStorage\vexrobotics.vexcode\sdk\cpp\V5\V5_20240802_15_00_00/vexv5\libv5rt.a(v5_apijump.c.obj)
                0x0380cf00                vexCriticalSection
 .text.vexEventAdd
                0x0380cf2c       0x34 c:\Users\surya\AppData\Roaming\Code\User\globalStorage\vexrobotics.vexcode\sdk\cpp\V5\V5_20240802_15_00_00/vexv5\libv5rt.a(v5_apijump.c.obj)
                0x0380cf2c                vexEventAdd
 .text.vexEventUserIndexGet
                0x0380cf60       0x1c c:\Users\surya\AppData\Roaming\Code\User\globalStorage\vexrobotics.vexcode\sdk\cpp\V5\V5_20240802_15_00_00/vexv5\libv5rt.a(v5_apijump.c.obj)
                0x0380cf60                vexEventUserIndexGet
 .text.vexEventAddWithArg
                0x0380cf7c       0x3c c:\Users\surya\AppData\Roaming\Code\User\globalStorage\vexrobotics.vexcode\sdk\cpp\V5\V5_20240802_15_00_00/vexv5\libv5rt.a(v5_apijump.c.obj)
                0x0380cf7c                vexEventAddWithArg
 .text.vexEventsCleanup
                0x0380cfb8       0x2c c:\Users\surya\AppData\Roaming\Code\User\globalStorage\vexrobotics.vexcode\sdk\cpp\V5\V5_20240802_15_00_00/vexv5\libv5rt.a(v5_apijump.c.obj)
                0x0380cfb8                vexEventsCleanup
 .text.vexDebug
                0x0380cfe4       0x38 c:\Users\surya\AppData\Roaming\Code\User\globalStorage\vexrobotics.vexcode\sdk\cpp\V5\V5_20240802_15_00_00/vexv5\libv5rt.a(v5_apijump.c.obj)
                0x0380cfe4                vexDebug
 .text.vex_sprintf
                0x0380d01c       0x40 c:\Users\surya\AppData\Roaming\Code\User\globalStorage\vexrobotics.vexcode\sdk\cpp\V5\V5_20240802_15_00_00/vexv5\libv5rt.a(v5_apijump.c.obj)
                0x0380d01c                vex_sprintf
 .text.vex_vsnprintf
                0x0380d05c       0x3c c:\Users\surya\AppData\Roaming\Code\User\globalStorage\vexrobotics.vexcode\sdk\cpp\V5\V5_20240802_15_00_00/vexv5\libv5rt.a(v5_apijump.c.obj)
                0x0380d05c                vex_vsnprintf
 .text.vexSystemTimeGet
                0x0380d098       0x1c c:\Users\surya\AppData\Roaming\Code\User\globalStorage\vexrobotics.vexcode\sdk\cpp\V5\V5_20240802_15_00_00/vexv5\libv5rt.a(v5_apijump.c.obj)
                0x0380d098                vexSystemTimeGet
 .text.vexSystemExitRequest
                0x0380d0b4       0x1c c:\Users\surya\AppData\Roaming\Code\User\globalStorage\vexrobotics.vexcode\sdk\cpp\V5\V5_20240802_15_00_00/vexv5\libv5rt.a(v5_apijump.c.obj)
                0x0380d0b4                vexSystemExitRequest
 .text.vexDeviceGetByIndex
                0x0380d0d0       0x24 c:\Users\surya\AppData\Roaming\Code\User\globalStorage\vexrobotics.vexcode\sdk\cpp\V5\V5_20240802_15_00_00/vexv5\libv5rt.a(v5_apijump.c.obj)
                0x0380d0d0                vexDeviceGetByIndex
 .text.vexDeviceGetTimestamp
                0x0380d0f4       0x3c c:\Users\surya\AppData\Roaming\Code\User\globalStorage\vexrobotics.vexcode\sdk\cpp\V5\V5_20240802_15_00_00/vexv5\libv5rt.a(v5_apijump.c.obj)
                0x0380d0f4                vexDeviceGetTimestamp
 .text.vexControllerGet
                0x0380d130       0x2c c:\Users\surya\AppData\Roaming\Code\User\globalStorage\vexrobotics.vexcode\sdk\cpp\V5\V5_20240802_15_00_00/vexv5\libv5rt.a(v5_apijump.c.obj)
                0x0380d130                vexControllerGet
 .text.vexControllerTextSet
                0x0380d15c       0x74 c:\Users\surya\AppData\Roaming\Code\User\globalStorage\vexrobotics.vexcode\sdk\cpp\V5\V5_20240802_15_00_00/vexv5\libv5rt.a(v5_apijump.c.obj)
                0x0380d15c                vexControllerTextSet
 .text.vexDeviceAdiPortConfigSet
                0x0380d1d0       0x34 c:\Users\surya\AppData\Roaming\Code\User\globalStorage\vexrobotics.vexcode\sdk\cpp\V5\V5_20240802_15_00_00/vexv5\libv5rt.a(v5_apijump.c.obj)
                0x0380d1d0                vexDeviceAdiPortConfigSet
 .text.vexDeviceAdiPortConfigGet
                0x0380d204       0x2c c:\Users\surya\AppData\Roaming\Code\User\globalStorage\vexrobotics.vexcode\sdk\cpp\V5\V5_20240802_15_00_00/vexv5\libv5rt.a(v5_apijump.c.obj)
                0x0380d204                vexDeviceAdiPortConfigGet
 .text.vexDeviceAdiValueSet
                0x0380d230       0x34 c:\Users\surya\AppData\Roaming\Code\User\globalStorage\vexrobotics.vexcode\sdk\cpp\V5\V5_20240802_15_00_00/vexv5\libv5rt.a(v5_apijump.c.obj)
                0x0380d230                vexDeviceAdiValueSet
 .text.vexDeviceMotorVelocitySet
                0x0380d264       0x2c c:\Users\surya\AppData\Roaming\Code\User\globalStorage\vexrobotics.vexcode\sdk\cpp\V5\V5_20240802_15_00_00/vexv5\libv5rt.a(v5_apijump.c.obj)
                0x0380d264                vexDeviceMotorVelocitySet
 .text.vexDeviceMotorVoltageSet
                0x0380d290       0x2c c:\Users\surya\AppData\Roaming\Code\User\globalStorage\vexrobotics.vexcode\sdk\cpp\V5\V5_20240802_15_00_00/vexv5\libv5rt.a(v5_apijump.c.obj)
                0x0380d290                vexDeviceMotorVoltageSet
 .text.vexDeviceMotorActualVelocityGet
                0x0380d2bc       0x24 c:\Users\surya\AppData\Roaming\Code\User\globalStorage\vexrobotics.vexcode\sdk\cpp\V5\V5_20240802_15_00_00/vexv5\libv5rt.a(v5_apijump.c.obj)
                0x0380d2bc                vexDeviceMotorActualVelocityGet
 .text.vexDeviceMotorReverseFlagSet
                0x0380d2e0       0x2c c:\Users\surya\AppData\Roaming\Code\User\globalStorage\vexrobotics.vexcode\sdk\cpp\V5\V5_20240802_15_00_00/vexv5\libv5rt.a(v5_apijump.c.obj)
                0x0380d2e0                vexDeviceMotorReverseFlagSet
 .text.vexDeviceMotorEncoderUnitsSet
                0x0380d30c       0x2c c:\Users\surya\AppData\Roaming\Code\User\globalStorage\vexrobotics.vexcode\sdk\cpp\V5\V5_20240802_15_00_00/vexv5\libv5rt.a(v5_apijump.c.obj)
                0x0380d30c                vexDeviceMotorEncoderUnitsSet
 .text.vexDeviceMotorBrakeModeSet
                0x0380d338       0x2c c:\Users\surya\AppData\Roaming\Code\User\globalStorage\vexrobotics.vexcode\sdk\cpp\V5\V5_20240802_15_00_00/vexv5\libv5rt.a(v5_apijump.c.obj)
                0x0380d338                vexDeviceMotorBrakeModeSet
 .text.vexDeviceMotorPositionSet
                0x0380d364       0x34 c:\Users\surya\AppData\Roaming\Code\User\globalStorage\vexrobotics.vexcode\sdk\cpp\V5\V5_20240802_15_00_00/vexv5\libv5rt.a(v5_apijump.c.obj)
                0x0380d364                vexDeviceMotorPositionSet
 .text.vexDeviceMotorPositionGet
                0x0380d398       0x24 c:\Users\surya\AppData\Roaming\Code\User\globalStorage\vexrobotics.vexcode\sdk\cpp\V5\V5_20240802_15_00_00/vexv5\libv5rt.a(v5_apijump.c.obj)
                0x0380d398                vexDeviceMotorPositionGet
 .text.vexDeviceMotorGearingSet
                0x0380d3bc       0x2c c:\Users\surya\AppData\Roaming\Code\User\globalStorage\vexrobotics.vexcode\sdk\cpp\V5\V5_20240802_15_00_00/vexv5\libv5rt.a(v5_apijump.c.obj)
                0x0380d3bc                vexDeviceMotorGearingSet
 .text.vexDeviceMotorGearingGet
                0x0380d3e8       0x24 c:\Users\surya\AppData\Roaming\Code\User\globalStorage\vexrobotics.vexcode\sdk\cpp\V5\V5_20240802_15_00_00/vexv5\libv5rt.a(v5_apijump.c.obj)
                0x0380d3e8                vexDeviceMotorGearingGet
 .text.vexDeviceImuReset
                0x0380d40c       0x24 c:\Users\surya\AppData\Roaming\Code\User\globalStorage\vexrobotics.vexcode\sdk\cpp\V5\V5_20240802_15_00_00/vexv5\libv5rt.a(v5_apijump.c.obj)
                0x0380d40c                vexDeviceImuReset
 .text.vexDeviceImuHeadingGet
                0x0380d430       0x24 c:\Users\surya\AppData\Roaming\Code\User\globalStorage\vexrobotics.vexcode\sdk\cpp\V5\V5_20240802_15_00_00/vexv5\libv5rt.a(v5_apijump.c.obj)
                0x0380d430                vexDeviceImuHeadingGet
 .text.vexDeviceImuDegreesGet
                0x0380d454       0x24 c:\Users\surya\AppData\Roaming\Code\User\globalStorage\vexrobotics.vexcode\sdk\cpp\V5\V5_20240802_15_00_00/vexv5\libv5rt.a(v5_apijump.c.obj)
                0x0380d454                vexDeviceImuDegreesGet
 .text.vexDeviceImuStatusGet
                0x0380d478       0x24 c:\Users\surya\AppData\Roaming\Code\User\globalStorage\vexrobotics.vexcode\sdk\cpp\V5\V5_20240802_15_00_00/vexv5\libv5rt.a(v5_apijump.c.obj)
                0x0380d478                vexDeviceImuStatusGet
 .text.vexDeviceAbsEncAngleGet
                0x0380d49c       0x24 c:\Users\surya\AppData\Roaming\Code\User\globalStorage\vexrobotics.vexcode\sdk\cpp\V5\V5_20240802_15_00_00/vexv5\libv5rt.a(v5_apijump.c.obj)
                0x0380d49c                vexDeviceAbsEncAngleGet
 .text.vexDeviceAbsEncReverseFlagSet
                0x0380d4c0       0x2c c:\Users\surya\AppData\Roaming\Code\User\globalStorage\vexrobotics.vexcode\sdk\cpp\V5\V5_20240802_15_00_00/vexv5\libv5rt.a(v5_apijump.c.obj)
                0x0380d4c0                vexDeviceAbsEncReverseFlagSet
 .text.vexDeviceOpticalHueGet
                0x0380d4ec       0x24 c:\Users\surya\AppData\Roaming\Code\User\globalStorage\vexrobotics.vexcode\sdk\cpp\V5\V5_20240802_15_00_00/vexv5\libv5rt.a(v5_apijump.c.obj)
                0x0380d4ec                vexDeviceOpticalHueGet
 .text.vexDeviceOpticalProximityGet
                0x0380d510       0x24 c:\Users\surya\AppData\Roaming\Code\User\globalStorage\vexrobotics.vexcode\sdk\cpp\V5\V5_20240802_15_00_00/vexv5\libv5rt.a(v5_apijump.c.obj)
                0x0380d510                vexDeviceOpticalProximityGet
 .text.vexDeviceOpticalGestureEnable
                0x0380d534       0x24 c:\Users\surya\AppData\Roaming\Code\User\globalStorage\vexrobotics.vexcode\sdk\cpp\V5\V5_20240802_15_00_00/vexv5\libv5rt.a(v5_apijump.c.obj)
                0x0380d534                vexDeviceOpticalGestureEnable
 .text.vexDeviceOpticalGestureDisable
                0x0380d558       0x24 c:\Users\surya\AppData\Roaming\Code\User\globalStorage\vexrobotics.vexcode\sdk\cpp\V5\V5_20240802_15_00_00/vexv5\libv5rt.a(v5_apijump.c.obj)
                0x0380d558                vexDeviceOpticalGestureDisable
 .text.vexDeviceOpticalProximityThreshold
                0x0380d57c       0x2c c:\Users\surya\AppData\Roaming\Code\User\globalStorage\vexrobotics.vexcode\sdk\cpp\V5\V5_20240802_15_00_00/vexv5\libv5rt.a(v5_apijump.c.obj)
                0x0380d57c                vexDeviceOpticalProximityThreshold
 .text.vexDeviceGpsReset
                0x0380d5a8       0x38 c:\Users\surya\AppData\Roaming\Code\User\globalStorage\vexrobotics.vexcode\sdk\cpp\V5\V5_20240802_15_00_00/vexv5\libv5rt.a(v5_apijump.c.obj)
                0x0380d5a8                vexDeviceGpsReset
 .text.vexDeviceGpsHeadingGet
                0x0380d5e0       0x44 c:\Users\surya\AppData\Roaming\Code\User\globalStorage\vexrobotics.vexcode\sdk\cpp\V5\V5_20240802_15_00_00/vexv5\libv5rt.a(v5_apijump.c.obj)
                0x0380d5e0                vexDeviceGpsHeadingGet
 .text.vexDeviceGpsDegreesGet
                0x0380d624       0x44 c:\Users\surya\AppData\Roaming\Code\User\globalStorage\vexrobotics.vexcode\sdk\cpp\V5\V5_20240802_15_00_00/vexv5\libv5rt.a(v5_apijump.c.obj)
                0x0380d624                vexDeviceGpsDegreesGet
 .text.vexDeviceGpsAttitudeGet
                0x0380d668      0x198 c:\Users\surya\AppData\Roaming\Code\User\globalStorage\vexrobotics.vexcode\sdk\cpp\V5\V5_20240802_15_00_00/vexv5\libv5rt.a(v5_apijump.c.obj)
                0x0380d668                vexDeviceGpsAttitudeGet
 .text.vexDeviceGpsStatusGet
                0x0380d800       0x40 c:\Users\surya\AppData\Roaming\Code\User\globalStorage\vexrobotics.vexcode\sdk\cpp\V5\V5_20240802_15_00_00/vexv5\libv5rt.a(v5_apijump.c.obj)
                0x0380d800                vexDeviceGpsStatusGet
 .text.vexDeviceGpsModeSet
                0x0380d840       0x40 c:\Users\surya\AppData\Roaming\Code\User\globalStorage\vexrobotics.vexcode\sdk\cpp\V5\V5_20240802_15_00_00/vexv5\libv5rt.a(v5_apijump.c.obj)
                0x0380d840                vexDeviceGpsModeSet
 .text.vexDeviceGpsOriginSet
                0x0380d880       0x50 c:\Users\surya\AppData\Roaming\Code\User\globalStorage\vexrobotics.vexcode\sdk\cpp\V5\V5_20240802_15_00_00/vexv5\libv5rt.a(v5_apijump.c.obj)
                0x0380d880                vexDeviceGpsOriginSet
 .text.vexDeviceGpsRotationSet
                0x0380d8d0       0x48 c:\Users\surya\AppData\Roaming\Code\User\globalStorage\vexrobotics.vexcode\sdk\cpp\V5\V5_20240802_15_00_00/vexv5\libv5rt.a(v5_apijump.c.obj)
                0x0380d8d0                vexDeviceGpsRotationSet
 .text.vexDeviceGpsRotationGet
                0x0380d918       0x44 c:\Users\surya\AppData\Roaming\Code\User\globalStorage\vexrobotics.vexcode\sdk\cpp\V5\V5_20240802_15_00_00/vexv5\libv5rt.a(v5_apijump.c.obj)
                0x0380d918                vexDeviceGpsRotationGet
 .text.vexDeviceGpsErrorGet
                0x0380d95c       0x44 c:\Users\surya\AppData\Roaming\Code\User\globalStorage\vexrobotics.vexcode\sdk\cpp\V5\V5_20240802_15_00_00/vexv5\libv5rt.a(v5_apijump.c.obj)
                0x0380d95c                vexDeviceGpsErrorGet
 .text.vexDisplayForegroundColor
                0x0380d9a0       0x24 c:\Users\surya\AppData\Roaming\Code\User\globalStorage\vexrobotics.vexcode\sdk\cpp\V5\V5_20240802_15_00_00/vexv5\libv5rt.a(v5_apijump.c.obj)
                0x0380d9a0                vexDisplayForegroundColor
 .text.vexDisplayBackgroundColor
                0x0380d9c4       0x24 c:\Users\surya\AppData\Roaming\Code\User\globalStorage\vexrobotics.vexcode\sdk\cpp\V5\V5_20240802_15_00_00/vexv5\libv5rt.a(v5_apijump.c.obj)
                0x0380d9c4                vexDisplayBackgroundColor
 .text.vexDisplayBackgroundColorGet
                0x0380d9e8       0x1c c:\Users\surya\AppData\Roaming\Code\User\globalStorage\vexrobotics.vexcode\sdk\cpp\V5\V5_20240802_15_00_00/vexv5\libv5rt.a(v5_apijump.c.obj)
                0x0380d9e8                vexDisplayBackgroundColorGet
 .text.vexDisplayRectDraw
                0x0380da04       0x4c c:\Users\surya\AppData\Roaming\Code\User\globalStorage\vexrobotics.vexcode\sdk\cpp\V5\V5_20240802_15_00_00/vexv5\libv5rt.a(v5_apijump.c.obj)
                0x0380da04                vexDisplayRectDraw
 .text.vexDisplayRectClear
                0x0380da50       0x4c c:\Users\surya\AppData\Roaming\Code\User\globalStorage\vexrobotics.vexcode\sdk\cpp\V5\V5_20240802_15_00_00/vexv5\libv5rt.a(v5_apijump.c.obj)
                0x0380da50                vexDisplayRectClear
 .text.vexDisplayVPrintf
                0x0380da9c       0x50 c:\Users\surya\AppData\Roaming\Code\User\globalStorage\vexrobotics.vexcode\sdk\cpp\V5\V5_20240802_15_00_00/vexv5\libv5rt.a(v5_apijump.c.obj)
                0x0380da9c                vexDisplayVPrintf
 .text.vexDisplayTextReference
                0x0380daec       0x24 c:\Users\surya\AppData\Roaming\Code\User\globalStorage\vexrobotics.vexcode\sdk\cpp\V5\V5_20240802_15_00_00/vexv5\libv5rt.a(v5_apijump.c.obj)
                0x0380daec                vexDisplayTextReference
 .text.vexDisplayTextSize
                0x0380db10       0x2c c:\Users\surya\AppData\Roaming\Code\User\globalStorage\vexrobotics.vexcode\sdk\cpp\V5\V5_20240802_15_00_00/vexv5\libv5rt.a(v5_apijump.c.obj)
                0x0380db10                vexDisplayTextSize
 .text.vexDisplayFontNamedSet
                0x0380db3c       0x24 c:\Users\surya\AppData\Roaming\Code\User\globalStorage\vexrobotics.vexcode\sdk\cpp\V5\V5_20240802_15_00_00/vexv5\libv5rt.a(v5_apijump.c.obj)
                0x0380db3c                vexDisplayFontNamedSet
 .text.vexDisplayPenSizeGet
                0x0380db60       0x1c c:\Users\surya\AppData\Roaming\Code\User\globalStorage\vexrobotics.vexcode\sdk\cpp\V5\V5_20240802_15_00_00/vexv5\libv5rt.a(v5_apijump.c.obj)
                0x0380db60                vexDisplayPenSizeGet
 .text.vexSystemStdlibImpureDataAddr
                0x0380db7c       0x28 c:\Users\surya\AppData\Roaming\Code\User\globalStorage\vexrobotics.vexcode\sdk\cpp\V5\V5_20240802_15_00_00/vexv5\libv5rt.a(v5_apijump.c.obj)
                0x0380db7c                vexSystemStdlibImpureDataAddr
 .text.vexSystemStdlibImpureDataSize
                0x0380dba4       0x28 c:\Users\surya\AppData\Roaming\Code\User\globalStorage\vexrobotics.vexcode\sdk\cpp\V5\V5_20240802_15_00_00/vexv5\libv5rt.a(v5_apijump.c.obj)
                0x0380dba4                vexSystemStdlibImpureDataSize
 .text.vexSystemSaveUserData
                0x0380dbcc       0x3c c:\Users\surya\AppData\Roaming\Code\User\globalStorage\vexrobotics.vexcode\sdk\cpp\V5\V5_20240802_15_00_00/vexv5\libv5rt.a(v5_apijump.c.obj)
                0x0380dbcc                vexSystemSaveUserData
 .text.vexDisplayClipRegionSet
                0x0380dc08       0x4c c:\Users\surya\AppData\Roaming\Code\User\globalStorage\vexrobotics.vexcode\sdk\cpp\V5\V5_20240802_15_00_00/vexv5\libv5rt.a(v5_apijump.c.obj)
                0x0380dc08                vexDisplayClipRegionSet
 .text.vexDisplayThemeIdGet
                0x0380dc54       0x38 c:\Users\surya\AppData\Roaming\Code\User\globalStorage\vexrobotics.vexcode\sdk\cpp\V5\V5_20240802_15_00_00/vexv5\libv5rt.a(v5_apijump.c.obj)
                0x0380dc54                vexDisplayThemeIdGet
 .text.vexDisplayRender
                0x0380dc8c       0x2c c:\Users\surya\AppData\Roaming\Code\User\globalStorage\vexrobotics.vexcode\sdk\cpp\V5\V5_20240802_15_00_00/vexv5\libv5rt.a(v5_apijump.c.obj)
                0x0380dc8c                vexDisplayRender
 .text.vexDeviceEventMaskSet
                0x0380dcb8       0x48 c:\Users\surya\AppData\Roaming\Code\User\globalStorage\vexrobotics.vexcode\sdk\cpp\V5\V5_20240802_15_00_00/vexv5\libv5rt.a(v5_apijump.c.obj)
                0x0380dcb8                vexDeviceEventMaskSet
 .text.vexDeviceEventMaskGet
                0x0380dd00       0x3c c:\Users\surya\AppData\Roaming\Code\User\globalStorage\vexrobotics.vexcode\sdk\cpp\V5\V5_20240802_15_00_00/vexv5\libv5rt.a(v5_apijump.c.obj)
                0x0380dd00                vexDeviceEventMaskGet
 .text.vexDeviceGenericSerialEnable
                0x0380dd3c       0x2c c:\Users\surya\AppData\Roaming\Code\User\globalStorage\vexrobotics.vexcode\sdk\cpp\V5\V5_20240802_15_00_00/vexv5\libv5rt.a(v5_apijump.c.obj)
                0x0380dd3c                vexDeviceGenericSerialEnable
 .text.vexDeviceGenericSerialBaudrate
                0x0380dd68       0x2c c:\Users\surya\AppData\Roaming\Code\User\globalStorage\vexrobotics.vexcode\sdk\cpp\V5\V5_20240802_15_00_00/vexv5\libv5rt.a(v5_apijump.c.obj)
                0x0380dd68                vexDeviceGenericSerialBaudrate
 .text.vexDeviceGenericSerialWriteChar
                0x0380dd94       0x2c c:\Users\surya\AppData\Roaming\Code\User\globalStorage\vexrobotics.vexcode\sdk\cpp\V5\V5_20240802_15_00_00/vexv5\libv5rt.a(v5_apijump.c.obj)
                0x0380dd94                vexDeviceGenericSerialWriteChar
 .text.vexDeviceGenericSerialWriteFree
                0x0380ddc0       0x24 c:\Users\surya\AppData\Roaming\Code\User\globalStorage\vexrobotics.vexcode\sdk\cpp\V5\V5_20240802_15_00_00/vexv5\libv5rt.a(v5_apijump.c.obj)
                0x0380ddc0                vexDeviceGenericSerialWriteFree
 .text.vexDeviceGenericSerialTransmit
                0x0380dde4       0x34 c:\Users\surya\AppData\Roaming\Code\User\globalStorage\vexrobotics.vexcode\sdk\cpp\V5\V5_20240802_15_00_00/vexv5\libv5rt.a(v5_apijump.c.obj)
                0x0380dde4                vexDeviceGenericSerialTransmit
 .text.vexDeviceGenericSerialReadChar
                0x0380de18       0x24 c:\Users\surya\AppData\Roaming\Code\User\globalStorage\vexrobotics.vexcode\sdk\cpp\V5\V5_20240802_15_00_00/vexv5\libv5rt.a(v5_apijump.c.obj)
                0x0380de18                vexDeviceGenericSerialReadChar
 .text.vexDeviceGenericSerialPeekChar
                0x0380de3c       0x24 c:\Users\surya\AppData\Roaming\Code\User\globalStorage\vexrobotics.vexcode\sdk\cpp\V5\V5_20240802_15_00_00/vexv5\libv5rt.a(v5_apijump.c.obj)
                0x0380de3c                vexDeviceGenericSerialPeekChar
 .text.vexDeviceGenericSerialReceiveAvail
                0x0380de60       0x24 c:\Users\surya\AppData\Roaming\Code\User\globalStorage\vexrobotics.vexcode\sdk\cpp\V5\V5_20240802_15_00_00/vexv5\libv5rt.a(v5_apijump.c.obj)
                0x0380de60                vexDeviceGenericSerialReceiveAvail
 .text.vexDeviceGenericSerialReceive
                0x0380de84       0x34 c:\Users\surya\AppData\Roaming\Code\User\globalStorage\vexrobotics.vexcode\sdk\cpp\V5\V5_20240802_15_00_00/vexv5\libv5rt.a(v5_apijump.c.obj)
                0x0380de84                vexDeviceGenericSerialReceive
 .text.vexDeviceGenericRadioConnection
                0x0380deb8       0x3c c:\Users\surya\AppData\Roaming\Code\User\globalStorage\vexrobotics.vexcode\sdk\cpp\V5\V5_20240802_15_00_00/vexv5\libv5rt.a(v5_apijump.c.obj)
                0x0380deb8                vexDeviceGenericRadioConnection
 .text.vexDeviceGenericRadioWriteChar
                0x0380def4       0x2c c:\Users\surya\AppData\Roaming\Code\User\globalStorage\vexrobotics.vexcode\sdk\cpp\V5\V5_20240802_15_00_00/vexv5\libv5rt.a(v5_apijump.c.obj)
                0x0380def4                vexDeviceGenericRadioWriteChar
 .text.vexDeviceGenericRadioWriteFree
                0x0380df20       0x24 c:\Users\surya\AppData\Roaming\Code\User\globalStorage\vexrobotics.vexcode\sdk\cpp\V5\V5_20240802_15_00_00/vexv5\libv5rt.a(v5_apijump.c.obj)
                0x0380df20                vexDeviceGenericRadioWriteFree
 .text.vexDeviceGenericRadioTransmit
                0x0380df44       0x34 c:\Users\surya\AppData\Roaming\Code\User\globalStorage\vexrobotics.vexcode\sdk\cpp\V5\V5_20240802_15_00_00/vexv5\libv5rt.a(v5_apijump.c.obj)
                0x0380df44                vexDeviceGenericRadioTransmit
 .text.vexDeviceGenericRadioReadChar
                0x0380df78       0x24 c:\Users\surya\AppData\Roaming\Code\User\globalStorage\vexrobotics.vexcode\sdk\cpp\V5\V5_20240802_15_00_00/vexv5\libv5rt.a(v5_apijump.c.obj)
                0x0380df78                vexDeviceGenericRadioReadChar
 .text.vexDeviceGenericRadioPeekChar
                0x0380df9c       0x24 c:\Users\surya\AppData\Roaming\Code\User\globalStorage\vexrobotics.vexcode\sdk\cpp\V5\V5_20240802_15_00_00/vexv5\libv5rt.a(v5_apijump.c.obj)
                0x0380df9c                vexDeviceGenericRadioPeekChar
 .text.vexDeviceGenericRadioReceiveAvail
                0x0380dfc0       0x24 c:\Users\surya\AppData\Roaming\Code\User\globalStorage\vexrobotics.vexcode\sdk\cpp\V5\V5_20240802_15_00_00/vexv5\libv5rt.a(v5_apijump.c.obj)
                0x0380dfc0                vexDeviceGenericRadioReceiveAvail
 .text.vexDeviceGenericRadioReceive
                0x0380dfe4       0x34 c:\Users\surya\AppData\Roaming\Code\User\globalStorage\vexrobotics.vexcode\sdk\cpp\V5\V5_20240802_15_00_00/vexv5\libv5rt.a(v5_apijump.c.obj)
                0x0380dfe4                vexDeviceGenericRadioReceive
 .text.vexDeviceGenericRadioLinkStatus
                0x0380e018       0x24 c:\Users\surya\AppData\Roaming\Code\User\globalStorage\vexrobotics.vexcode\sdk\cpp\V5\V5_20240802_15_00_00/vexv5\libv5rt.a(v5_apijump.c.obj)
                0x0380e018                vexDeviceGenericRadioLinkStatus
 .text.vexDeviceGenericCdcConnection
                0x0380e03c       0x2c c:\Users\surya\AppData\Roaming\Code\User\globalStorage\vexrobotics.vexcode\sdk\cpp\V5\V5_20240802_15_00_00/vexv5\libv5rt.a(v5_apijump.c.obj)
                0x0380e03c                vexDeviceGenericCdcConnection
 .text.vexDeviceGenericCdcWriteChar
                0x0380e068       0x2c c:\Users\surya\AppData\Roaming\Code\User\globalStorage\vexrobotics.vexcode\sdk\cpp\V5\V5_20240802_15_00_00/vexv5\libv5rt.a(v5_apijump.c.obj)
                0x0380e068                vexDeviceGenericCdcWriteChar
 .text.vexDeviceGenericCdcWriteFree
                0x0380e094       0x24 c:\Users\surya\AppData\Roaming\Code\User\globalStorage\vexrobotics.vexcode\sdk\cpp\V5\V5_20240802_15_00_00/vexv5\libv5rt.a(v5_apijump.c.obj)
                0x0380e094                vexDeviceGenericCdcWriteFree
 .text.vexDeviceGenericCdcTransmit
                0x0380e0b8       0x34 c:\Users\surya\AppData\Roaming\Code\User\globalStorage\vexrobotics.vexcode\sdk\cpp\V5\V5_20240802_15_00_00/vexv5\libv5rt.a(v5_apijump.c.obj)
                0x0380e0b8                vexDeviceGenericCdcTransmit
 .text.vexDeviceGenericCdcReadChar
                0x0380e0ec       0x24 c:\Users\surya\AppData\Roaming\Code\User\globalStorage\vexrobotics.vexcode\sdk\cpp\V5\V5_20240802_15_00_00/vexv5\libv5rt.a(v5_apijump.c.obj)
                0x0380e0ec                vexDeviceGenericCdcReadChar
 .text.vexDeviceGenericCdcPeekChar
                0x0380e110       0x24 c:\Users\surya\AppData\Roaming\Code\User\globalStorage\vexrobotics.vexcode\sdk\cpp\V5\V5_20240802_15_00_00/vexv5\libv5rt.a(v5_apijump.c.obj)
                0x0380e110                vexDeviceGenericCdcPeekChar
 .text.vexDeviceGenericCdcReceiveAvail
                0x0380e134       0x24 c:\Users\surya\AppData\Roaming\Code\User\globalStorage\vexrobotics.vexcode\sdk\cpp\V5\V5_20240802_15_00_00/vexv5\libv5rt.a(v5_apijump.c.obj)
                0x0380e134                vexDeviceGenericCdcReceiveAvail
 .text.vexDeviceGenericCdcReceive
                0x0380e158       0x34 c:\Users\surya\AppData\Roaming\Code\User\globalStorage\vexrobotics.vexcode\sdk\cpp\V5\V5_20240802_15_00_00/vexv5\libv5rt.a(v5_apijump.c.obj)
                0x0380e158                vexDeviceGenericCdcReceive
 .text.vexDeviceGenericCdcLinkStatus
                0x0380e18c       0x24 c:\Users\surya\AppData\Roaming\Code\User\globalStorage\vexrobotics.vexcode\sdk\cpp\V5\V5_20240802_15_00_00/vexv5\libv5rt.a(v5_apijump.c.obj)
                0x0380e18c                vexDeviceGenericCdcLinkStatus
 .text.vexSystemVersion
                0x0380e1b0       0x10 c:\Users\surya\AppData\Roaming\Code\User\globalStorage\vexrobotics.vexcode\sdk\cpp\V5\V5_20240802_15_00_00/vexv5\libv5rt.a(v5_apiversions.c.obj)
                0x0380e1b0                vexSystemVersion
 .text.vexStdlibVersion
                0x0380e1c0       0x10 c:\Users\surya\AppData\Roaming\Code\User\globalStorage\vexrobotics.vexcode\sdk\cpp\V5\V5_20240802_15_00_00/vexv5\libv5rt.a(v5_apiversions.c.obj)
                0x0380e1c0                vexStdlibVersion
 .text._ZN3vex4waitEdNS_9timeUnitsE
                0x0380e1d0       0x30 c:\Users\surya\AppData\Roaming\Code\User\globalStorage\vexrobotics.vexcode\sdk\cpp\V5\V5_20240802_15_00_00/vexv5\libv5rt.a(vex_global.cpp.obj)
                0x0380e1d0                vex::wait(double, vex::timeUnits)
 .text._ZN3vex6deviceD2Ev
                0x0380e200        0x4 c:\Users\surya\AppData\Roaming\Code\User\globalStorage\vexrobotics.vexcode\sdk\cpp\V5\V5_20240802_15_00_00/vexv5\libv5rt.a(vex_device.cpp.obj)
                0x0380e200                vex::device::~device()
                0x0380e200                vex::device::~device()
 .text._ZN3vex6device5valueEv
                0x0380e204        0x8 c:\Users\surya\AppData\Roaming\Code\User\globalStorage\vexrobotics.vexcode\sdk\cpp\V5\V5_20240802_15_00_00/vexv5\libv5rt.a(vex_device.cpp.obj)
                0x0380e204                vex::device::value()
 .text._ZN3vex6deviceD0Ev
                0x0380e20c       0x14 c:\Users\surya\AppData\Roaming\Code\User\globalStorage\vexrobotics.vexcode\sdk\cpp\V5\V5_20240802_15_00_00/vexv5\libv5rt.a(vex_device.cpp.obj)
                0x0380e20c                vex::device::~device()
 .text._ZN3vex6device4initEl
                0x0380e220       0x30 c:\Users\surya\AppData\Roaming\Code\User\globalStorage\vexrobotics.vexcode\sdk\cpp\V5\V5_20240802_15_00_00/vexv5\libv5rt.a(vex_device.cpp.obj)
                0x0380e220                vex::device::init(long)
 .text._ZN3vex6deviceC2El
                0x0380e250       0x20 c:\Users\surya\AppData\Roaming\Code\User\globalStorage\vexrobotics.vexcode\sdk\cpp\V5\V5_20240802_15_00_00/vexv5\libv5rt.a(vex_device.cpp.obj)
                0x0380e250                vex::device::device(long)
                0x0380e250                vex::device::device(long)
 .text._ZN3vex6device4typeEv
                0x0380e270       0x10 c:\Users\surya\AppData\Roaming\Code\User\globalStorage\vexrobotics.vexcode\sdk\cpp\V5\V5_20240802_15_00_00/vexv5\libv5rt.a(vex_device.cpp.obj)
                0x0380e270                vex::device::type()
 .text._ZN3vex6device9installedEv
                0x0380e280       0x14 c:\Users\surya\AppData\Roaming\Code\User\globalStorage\vexrobotics.vexcode\sdk\cpp\V5\V5_20240802_15_00_00/vexv5\libv5rt.a(vex_device.cpp.obj)
                0x0380e280                vex::device::installed()
 .text._ZN3vex6device9timestampEv
                0x0380e294       0x10 c:\Users\surya\AppData\Roaming\Code\User\globalStorage\vexrobotics.vexcode\sdk\cpp\V5\V5_20240802_15_00_00/vexv5\libv5rt.a(vex_device.cpp.obj)
                0x0380e294                vex::device::timestamp()
 .text._ZN3vex5motorD2Ev
                0x0380e2a4       0x20 c:\Users\surya\AppData\Roaming\Code\User\globalStorage\vexrobotics.vexcode\sdk\cpp\V5\V5_20240802_15_00_00/vexv5\libv5rt.a(vex_motor.cpp.obj)
                0x0380e2a4                vex::motor::~motor()
                0x0380e2a4                vex::motor::~motor()
 .text._ZN3vex5motorD0Ev
                0x0380e2c4       0x1c c:\Users\surya\AppData\Roaming\Code\User\globalStorage\vexrobotics.vexcode\sdk\cpp\V5\V5_20240802_15_00_00/vexv5\libv5rt.a(vex_motor.cpp.obj)
                0x0380e2c4                vex::motor::~motor()
 .text._ZN3vex5motor9installedEv
                0x0380e2e0       0x18 c:\Users\surya\AppData\Roaming\Code\User\globalStorage\vexrobotics.vexcode\sdk\cpp\V5\V5_20240802_15_00_00/vexv5\libv5rt.a(vex_motor.cpp.obj)
                0x0380e2e0                vex::motor::installed()
 .text._ZN3vex5motor15defaultStoppingENS_9brakeTypeE
                0x0380e2f8       0x30 c:\Users\surya\AppData\Roaming\Code\User\globalStorage\vexrobotics.vexcode\sdk\cpp\V5\V5_20240802_15_00_00/vexv5\libv5rt.a(vex_motor.cpp.obj)
                0x0380e2f8                vex::motor::defaultStopping(vex::brakeType)
 .text._ZN3vex5motorC2El
                0x0380e328       0x78 c:\Users\surya\AppData\Roaming\Code\User\globalStorage\vexrobotics.vexcode\sdk\cpp\V5\V5_20240802_15_00_00/vexv5\libv5rt.a(vex_motor.cpp.obj)
                0x0380e328                vex::motor::motor(long)
                0x0380e328                vex::motor::motor(long)
 .text._ZN3vex5motorC2ElNS_11gearSettingEb
                0x0380e3a0       0x34 c:\Users\surya\AppData\Roaming\Code\User\globalStorage\vexrobotics.vexcode\sdk\cpp\V5\V5_20240802_15_00_00/vexv5\libv5rt.a(vex_motor.cpp.obj)
                0x0380e3a0                vex::motor::motor(long, vex::gearSetting, bool)
                0x0380e3a0                vex::motor::motor(long, vex::gearSetting, bool)
 .text._ZN3vex5motorC2Elb
                0x0380e3d4       0x24 c:\Users\surya\AppData\Roaming\Code\User\globalStorage\vexrobotics.vexcode\sdk\cpp\V5\V5_20240802_15_00_00/vexv5\libv5rt.a(vex_motor.cpp.obj)
                0x0380e3d4                vex::motor::motor(long, bool)
                0x0380e3d4                vex::motor::motor(long, bool)
 .text._ZN3vex5motor4spinENS_13directionTypeEdNS_12voltageUnitsE
                0x0380e3f8       0x50 c:\Users\surya\AppData\Roaming\Code\User\globalStorage\vexrobotics.vexcode\sdk\cpp\V5\V5_20240802_15_00_00/vexv5\libv5rt.a(vex_motor.cpp.obj)
                0x0380e3f8                vex::motor::spin(vex::directionType, double, vex::voltageUnits)
 .text._ZN3vex5motor4stopENS_9brakeTypeE
                0x0380e448       0x30 c:\Users\surya\AppData\Roaming\Code\User\globalStorage\vexrobotics.vexcode\sdk\cpp\V5\V5_20240802_15_00_00/vexv5\libv5rt.a(vex_motor.cpp.obj)
                0x0380e448                vex::motor::stop(vex::brakeType)
 .text._ZN3vex5motor4stopEv
                0x0380e478        0x8 c:\Users\surya\AppData\Roaming\Code\User\globalStorage\vexrobotics.vexcode\sdk\cpp\V5\V5_20240802_15_00_00/vexv5\libv5rt.a(vex_motor.cpp.obj)
                0x0380e478                vex::motor::stop()
 .text._ZN3vex5motor16velocityToScaledEdNS_13velocityUnitsE
                0x0380e480       0x5c c:\Users\surya\AppData\Roaming\Code\User\globalStorage\vexrobotics.vexcode\sdk\cpp\V5\V5_20240802_15_00_00/vexv5\libv5rt.a(vex_motor.cpp.obj)
                0x0380e480                vex::motor::velocityToScaled(double, vex::velocityUnits)
 .text._ZN3vex5motor8velocityENS_13velocityUnitsE
                0x0380e4dc       0x30 c:\Users\surya\AppData\Roaming\Code\User\globalStorage\vexrobotics.vexcode\sdk\cpp\V5\V5_20240802_15_00_00/vexv5\libv5rt.a(vex_motor.cpp.obj)
                0x0380e4dc                vex::motor::velocity(vex::velocityUnits)
 .text._ZN3vex5motor5valueEv
                0x0380e50c       0x1c c:\Users\surya\AppData\Roaming\Code\User\globalStorage\vexrobotics.vexcode\sdk\cpp\V5\V5_20240802_15_00_00/vexv5\libv5rt.a(vex_motor.cpp.obj)
                0x0380e50c                vex::motor::value()
 .text._ZN3vex5motor16scaledToVelocityEdNS_13velocityUnitsE
                0x0380e528       0xa4 c:\Users\surya\AppData\Roaming\Code\User\globalStorage\vexrobotics.vexcode\sdk\cpp\V5\V5_20240802_15_00_00/vexv5\libv5rt.a(vex_motor.cpp.obj)
                0x0380e528                vex::motor::scaledToVelocity(double, vex::velocityUnits)
 .text._ZN3vex5motor4spinENS_13directionTypeEdNS_13velocityUnitsE
                0x0380e5cc       0x5c c:\Users\surya\AppData\Roaming\Code\User\globalStorage\vexrobotics.vexcode\sdk\cpp\V5\V5_20240802_15_00_00/vexv5\libv5rt.a(vex_motor.cpp.obj)
                0x0380e5cc                vex::motor::spin(vex::directionType, double, vex::velocityUnits)
 .text._ZN3vex5motor4spinENS_13directionTypeE
                0x0380e628       0x28 c:\Users\surya\AppData\Roaming\Code\User\globalStorage\vexrobotics.vexcode\sdk\cpp\V5\V5_20240802_15_00_00/vexv5\libv5rt.a(vex_motor.cpp.obj)
                0x0380e628                vex::motor::spin(vex::directionType)
 .text._ZN3vex5motor11setVelocityEdNS_13velocityUnitsE
                0x0380e650       0x54 c:\Users\surya\AppData\Roaming\Code\User\globalStorage\vexrobotics.vexcode\sdk\cpp\V5\V5_20240802_15_00_00/vexv5\libv5rt.a(vex_motor.cpp.obj)
                0x0380e650                vex::motor::setVelocity(double, vex::velocityUnits)
 .text._ZN3vex5motor16setRotationUnitsENS_13rotationUnitsE
                0x0380e6a4       0x1c c:\Users\surya\AppData\Roaming\Code\User\globalStorage\vexrobotics.vexcode\sdk\cpp\V5\V5_20240802_15_00_00/vexv5\libv5rt.a(vex_motor.cpp.obj)
                0x0380e6a4                vex::motor::setRotationUnits(vex::rotationUnits)
 .text._ZN3vex5motor8positionENS_13rotationUnitsE
                0x0380e6c0       0x44 c:\Users\surya\AppData\Roaming\Code\User\globalStorage\vexrobotics.vexcode\sdk\cpp\V5\V5_20240802_15_00_00/vexv5\libv5rt.a(vex_motor.cpp.obj)
                0x0380e6c0                vex::motor::position(vex::rotationUnits)
 .text._ZN3vex8inertial11getTurnTypeEv
                0x0380e704        0x8 c:\Users\surya\AppData\Roaming\Code\User\globalStorage\vexrobotics.vexcode\sdk\cpp\V5\V5_20240802_15_00_00/vexv5\libv5rt.a(vex_imu.cpp.obj)
                0x0380e704                vex::inertial::getTurnType()
 .text._ZThn16_N3vex8inertial11getTurnTypeEv
                0x0380e70c        0x8 c:\Users\surya\AppData\Roaming\Code\User\globalStorage\vexrobotics.vexcode\sdk\cpp\V5\V5_20240802_15_00_00/vexv5\libv5rt.a(vex_imu.cpp.obj)
                0x0380e70c                non-virtual thunk to vex::inertial::getTurnType()
 *fill*         0x0380e714        0x4 
 .text._ZN3vex8inertial10setHeadingEdNS_13rotationUnitsE
                0x0380e718       0x58 c:\Users\surya\AppData\Roaming\Code\User\globalStorage\vexrobotics.vexcode\sdk\cpp\V5\V5_20240802_15_00_00/vexv5\libv5rt.a(vex_imu.cpp.obj)
                0x0380e718                vex::inertial::setHeading(double, vex::rotationUnits)
 .text._ZThn16_N3vex8inertial10setHeadingEdNS_13rotationUnitsE
                0x0380e770        0x8 c:\Users\surya\AppData\Roaming\Code\User\globalStorage\vexrobotics.vexcode\sdk\cpp\V5\V5_20240802_15_00_00/vexv5\libv5rt.a(vex_imu.cpp.obj)
                0x0380e770                non-virtual thunk to vex::inertial::setHeading(double, vex::rotationUnits)
 .text._ZN3vex8inertial11setRotationEdNS_13rotationUnitsE
                0x0380e778       0x58 c:\Users\surya\AppData\Roaming\Code\User\globalStorage\vexrobotics.vexcode\sdk\cpp\V5\V5_20240802_15_00_00/vexv5\libv5rt.a(vex_imu.cpp.obj)
                0x0380e778                vex::inertial::setRotation(double, vex::rotationUnits)
 .text._ZThn16_N3vex8inertial11setRotationEdNS_13rotationUnitsE
                0x0380e7d0        0x8 c:\Users\surya\AppData\Roaming\Code\User\globalStorage\vexrobotics.vexcode\sdk\cpp\V5\V5_20240802_15_00_00/vexv5\libv5rt.a(vex_imu.cpp.obj)
                0x0380e7d0                non-virtual thunk to vex::inertial::setRotation(double, vex::rotationUnits)
 .text._ZN3vex8inertialD2Ev
                0x0380e7d8       0x20 c:\Users\surya\AppData\Roaming\Code\User\globalStorage\vexrobotics.vexcode\sdk\cpp\V5\V5_20240802_15_00_00/vexv5\libv5rt.a(vex_imu.cpp.obj)
                0x0380e7d8                vex::inertial::~inertial()
                0x0380e7d8                vex::inertial::~inertial()
 .text._ZThn16_N3vex8inertialD1Ev
                0x0380e7f8        0x8 c:\Users\surya\AppData\Roaming\Code\User\globalStorage\vexrobotics.vexcode\sdk\cpp\V5\V5_20240802_15_00_00/vexv5\libv5rt.a(vex_imu.cpp.obj)
                0x0380e7f8                non-virtual thunk to vex::inertial::~inertial()
 .text._ZN3vex8inertialD0Ev
                0x0380e800       0x1c c:\Users\surya\AppData\Roaming\Code\User\globalStorage\vexrobotics.vexcode\sdk\cpp\V5\V5_20240802_15_00_00/vexv5\libv5rt.a(vex_imu.cpp.obj)
                0x0380e800                vex::inertial::~inertial()
 .text._ZThn16_N3vex8inertialD0Ev
                0x0380e81c        0x8 c:\Users\surya\AppData\Roaming\Code\User\globalStorage\vexrobotics.vexcode\sdk\cpp\V5\V5_20240802_15_00_00/vexv5\libv5rt.a(vex_imu.cpp.obj)
                0x0380e81c                non-virtual thunk to vex::inertial::~inertial()
 .text._ZN3vex8inertial9installedEv
                0x0380e824       0x18 c:\Users\surya\AppData\Roaming\Code\User\globalStorage\vexrobotics.vexcode\sdk\cpp\V5\V5_20240802_15_00_00/vexv5\libv5rt.a(vex_imu.cpp.obj)
                0x0380e824                vex::inertial::installed()
 .text._ZN3vex8inertial5angleENS_13rotationUnitsE
                0x0380e83c       0x6c c:\Users\surya\AppData\Roaming\Code\User\globalStorage\vexrobotics.vexcode\sdk\cpp\V5\V5_20240802_15_00_00/vexv5\libv5rt.a(vex_imu.cpp.obj)
                0x0380e83c                vex::inertial::angle(vex::rotationUnits)
 .text._ZThn16_N3vex8inertial5angleENS_13rotationUnitsE
                0x0380e8a8        0x8 c:\Users\surya\AppData\Roaming\Code\User\globalStorage\vexrobotics.vexcode\sdk\cpp\V5\V5_20240802_15_00_00/vexv5\libv5rt.a(vex_imu.cpp.obj)
                0x0380e8a8                non-virtual thunk to vex::inertial::angle(vex::rotationUnits)
 .text._ZN3vex8inertial7headingENS_13rotationUnitsE
                0x0380e8b0        0x4 c:\Users\surya\AppData\Roaming\Code\User\globalStorage\vexrobotics.vexcode\sdk\cpp\V5\V5_20240802_15_00_00/vexv5\libv5rt.a(vex_imu.cpp.obj)
                0x0380e8b0                vex::inertial::heading(vex::rotationUnits)
 .text._ZThn16_N3vex8inertial7headingENS_13rotationUnitsE
                0x0380e8b4        0x8 c:\Users\surya\AppData\Roaming\Code\User\globalStorage\vexrobotics.vexcode\sdk\cpp\V5\V5_20240802_15_00_00/vexv5\libv5rt.a(vex_imu.cpp.obj)
                0x0380e8b4                non-virtual thunk to vex::inertial::heading(vex::rotationUnits)
 .text._ZN3vex8inertial5valueEv
                0x0380e8bc       0x1c c:\Users\surya\AppData\Roaming\Code\User\globalStorage\vexrobotics.vexcode\sdk\cpp\V5\V5_20240802_15_00_00/vexv5\libv5rt.a(vex_imu.cpp.obj)
                0x0380e8bc                vex::inertial::value()
 .text._ZN3vex8inertial8rotationENS_13rotationUnitsE
                0x0380e8d8       0x48 c:\Users\surya\AppData\Roaming\Code\User\globalStorage\vexrobotics.vexcode\sdk\cpp\V5\V5_20240802_15_00_00/vexv5\libv5rt.a(vex_imu.cpp.obj)
                0x0380e8d8                vex::inertial::rotation(vex::rotationUnits)
 .text._ZThn16_N3vex8inertial8rotationENS_13rotationUnitsE
                0x0380e920        0x8 c:\Users\surya\AppData\Roaming\Code\User\globalStorage\vexrobotics.vexcode\sdk\cpp\V5\V5_20240802_15_00_00/vexv5\libv5rt.a(vex_imu.cpp.obj)
                0x0380e920                non-virtual thunk to vex::inertial::rotation(vex::rotationUnits)
 .text._ZN3vex8inertial13isCalibratingEv
                0x0380e928       0x38 c:\Users\surya\AppData\Roaming\Code\User\globalStorage\vexrobotics.vexcode\sdk\cpp\V5\V5_20240802_15_00_00/vexv5\libv5rt.a(vex_imu.cpp.obj)
                0x0380e928                vex::inertial::isCalibrating()
 .text._ZThn16_N3vex8inertial13isCalibratingEv
                0x0380e960        0x8 c:\Users\surya\AppData\Roaming\Code\User\globalStorage\vexrobotics.vexcode\sdk\cpp\V5\V5_20240802_15_00_00/vexv5\libv5rt.a(vex_imu.cpp.obj)
                0x0380e960                non-virtual thunk to vex::inertial::isCalibrating()
 .text._ZN3vex8inertialC2ElNS_8turnTypeE
                0x0380e968       0x4c c:\Users\surya\AppData\Roaming\Code\User\globalStorage\vexrobotics.vexcode\sdk\cpp\V5\V5_20240802_15_00_00/vexv5\libv5rt.a(vex_imu.cpp.obj)
                0x0380e968                vex::inertial::inertial(long, vex::turnType)
                0x0380e968                vex::inertial::inertial(long, vex::turnType)
 .text._ZN3vex8inertial16startCalibrationEl
                0x0380e9b4       0x20 c:\Users\surya\AppData\Roaming\Code\User\globalStorage\vexrobotics.vexcode\sdk\cpp\V5\V5_20240802_15_00_00/vexv5\libv5rt.a(vex_imu.cpp.obj)
                0x0380e9b4                vex::inertial::startCalibration(long)
 .text._ZN3vex8inertial9calibrateEl
                0x0380e9d4        0xc c:\Users\surya\AppData\Roaming\Code\User\globalStorage\vexrobotics.vexcode\sdk\cpp\V5\V5_20240802_15_00_00/vexv5\libv5rt.a(vex_imu.cpp.obj)
                0x0380e9d4                vex::inertial::calibrate(long)
                0x0380e9d8                non-virtual thunk to vex::inertial::calibrate(long)
 .text._ZN3vex8rotationD2Ev
                0x0380e9e0       0x20 c:\Users\surya\AppData\Roaming\Code\User\globalStorage\vexrobotics.vexcode\sdk\cpp\V5\V5_20240802_15_00_00/vexv5\libv5rt.a(vex_rotation.cpp.obj)
                0x0380e9e0                vex::rotation::~rotation()
                0x0380e9e0                vex::rotation::~rotation()
 .text._ZN3vex8rotationD0Ev
                0x0380ea00       0x1c c:\Users\surya\AppData\Roaming\Code\User\globalStorage\vexrobotics.vexcode\sdk\cpp\V5\V5_20240802_15_00_00/vexv5\libv5rt.a(vex_rotation.cpp.obj)
                0x0380ea00                vex::rotation::~rotation()
 .text._ZN3vex8rotation9installedEv
                0x0380ea1c       0x18 c:\Users\surya\AppData\Roaming\Code\User\globalStorage\vexrobotics.vexcode\sdk\cpp\V5\V5_20240802_15_00_00/vexv5\libv5rt.a(vex_rotation.cpp.obj)
                0x0380ea1c                vex::rotation::installed()
 .text._ZN3vex8rotation5valueEv
                0x0380ea34        0x8 c:\Users\surya\AppData\Roaming\Code\User\globalStorage\vexrobotics.vexcode\sdk\cpp\V5\V5_20240802_15_00_00/vexv5\libv5rt.a(vex_rotation.cpp.obj)
                0x0380ea34                vex::rotation::value()
 .text._ZN3vex8rotationC2Elb
                0x0380ea3c       0x30 c:\Users\surya\AppData\Roaming\Code\User\globalStorage\vexrobotics.vexcode\sdk\cpp\V5\V5_20240802_15_00_00/vexv5\libv5rt.a(vex_rotation.cpp.obj)
                0x0380ea3c                vex::rotation::rotation(long, bool)
                0x0380ea3c                vex::rotation::rotation(long, bool)
 .text._ZN3vex7opticalD2Ev
                0x0380ea6c       0x20 c:\Users\surya\AppData\Roaming\Code\User\globalStorage\vexrobotics.vexcode\sdk\cpp\V5\V5_20240802_15_00_00/vexv5\libv5rt.a(vex_optical.cpp.obj)
                0x0380ea6c                vex::optical::~optical()
                0x0380ea6c                vex::optical::~optical()
 .text._ZN3vex7opticalD0Ev
                0x0380ea8c       0x1c c:\Users\surya\AppData\Roaming\Code\User\globalStorage\vexrobotics.vexcode\sdk\cpp\V5\V5_20240802_15_00_00/vexv5\libv5rt.a(vex_optical.cpp.obj)
                0x0380ea8c                vex::optical::~optical()
 .text._ZN3vex7optical9installedEv
                0x0380eaa8       0x18 c:\Users\surya\AppData\Roaming\Code\User\globalStorage\vexrobotics.vexcode\sdk\cpp\V5\V5_20240802_15_00_00/vexv5\libv5rt.a(vex_optical.cpp.obj)
                0x0380eaa8                vex::optical::installed()
 .text._ZN3vex7optical3hueEv
                0x0380eac0        0x8 c:\Users\surya\AppData\Roaming\Code\User\globalStorage\vexrobotics.vexcode\sdk\cpp\V5\V5_20240802_15_00_00/vexv5\libv5rt.a(vex_optical.cpp.obj)
                0x0380eac0                vex::optical::hue()
 .text._ZN3vex7optical5valueEv
                0x0380eac8       0x18 c:\Users\surya\AppData\Roaming\Code\User\globalStorage\vexrobotics.vexcode\sdk\cpp\V5\V5_20240802_15_00_00/vexv5\libv5rt.a(vex_optical.cpp.obj)
                0x0380eac8                vex::optical::value()
 .text._ZN3vex7optical12isNearObjectEv
                0x0380eae0       0x24 c:\Users\surya\AppData\Roaming\Code\User\globalStorage\vexrobotics.vexcode\sdk\cpp\V5\V5_20240802_15_00_00/vexv5\libv5rt.a(vex_optical.cpp.obj)
                0x0380eae0                vex::optical::isNearObject()
 .text._ZN3vex7optical13gestureEnableEv
                0x0380eb04        0x8 c:\Users\surya\AppData\Roaming\Code\User\globalStorage\vexrobotics.vexcode\sdk\cpp\V5\V5_20240802_15_00_00/vexv5\libv5rt.a(vex_optical.cpp.obj)
                0x0380eb04                vex::optical::gestureEnable()
 .text._ZN3vex7optical14gestureDisableEv
                0x0380eb0c        0x8 c:\Users\surya\AppData\Roaming\Code\User\globalStorage\vexrobotics.vexcode\sdk\cpp\V5\V5_20240802_15_00_00/vexv5\libv5rt.a(vex_optical.cpp.obj)
                0x0380eb0c                vex::optical::gestureDisable()
 .text._ZN3vex7opticalC2Elb
                0x0380eb14       0x54 c:\Users\surya\AppData\Roaming\Code\User\globalStorage\vexrobotics.vexcode\sdk\cpp\V5\V5_20240802_15_00_00/vexv5\libv5rt.a(vex_optical.cpp.obj)
                0x0380eb14                vex::optical::optical(long, bool)
                0x0380eb14                vex::optical::optical(long, bool)
 .text._ZN3vex3gps11getTurnTypeEv
                0x0380eb68        0x8 c:\Users\surya\AppData\Roaming\Code\User\globalStorage\vexrobotics.vexcode\sdk\cpp\V5\V5_20240802_15_00_00/vexv5\libv5rt.a(vex_gps.cpp.obj)
                0x0380eb68                vex::gps::getTurnType()
 .text._ZThn16_N3vex3gps11getTurnTypeEv
                0x0380eb70        0x8 c:\Users\surya\AppData\Roaming\Code\User\globalStorage\vexrobotics.vexcode\sdk\cpp\V5\V5_20240802_15_00_00/vexv5\libv5rt.a(vex_gps.cpp.obj)
                0x0380eb70                non-virtual thunk to vex::gps::getTurnType()
 .text._ZN3vex3gps10setHeadingEdNS_13rotationUnitsE
                0x0380eb78       0x58 c:\Users\surya\AppData\Roaming\Code\User\globalStorage\vexrobotics.vexcode\sdk\cpp\V5\V5_20240802_15_00_00/vexv5\libv5rt.a(vex_gps.cpp.obj)
                0x0380eb78                vex::gps::setHeading(double, vex::rotationUnits)
 .text._ZThn16_N3vex3gps10setHeadingEdNS_13rotationUnitsE
                0x0380ebd0        0x8 c:\Users\surya\AppData\Roaming\Code\User\globalStorage\vexrobotics.vexcode\sdk\cpp\V5\V5_20240802_15_00_00/vexv5\libv5rt.a(vex_gps.cpp.obj)
                0x0380ebd0                non-virtual thunk to vex::gps::setHeading(double, vex::rotationUnits)
 .text._ZN3vex3gps11setRotationEdNS_13rotationUnitsE
                0x0380ebd8       0x58 c:\Users\surya\AppData\Roaming\Code\User\globalStorage\vexrobotics.vexcode\sdk\cpp\V5\V5_20240802_15_00_00/vexv5\libv5rt.a(vex_gps.cpp.obj)
                0x0380ebd8                vex::gps::setRotation(double, vex::rotationUnits)
 .text._ZThn16_N3vex3gps11setRotationEdNS_13rotationUnitsE
                0x0380ec30        0x8 c:\Users\surya\AppData\Roaming\Code\User\globalStorage\vexrobotics.vexcode\sdk\cpp\V5\V5_20240802_15_00_00/vexv5\libv5rt.a(vex_gps.cpp.obj)
                0x0380ec30                non-virtual thunk to vex::gps::setRotation(double, vex::rotationUnits)
 .text._ZN3vex3gpsD2Ev
                0x0380ec38       0x20 c:\Users\surya\AppData\Roaming\Code\User\globalStorage\vexrobotics.vexcode\sdk\cpp\V5\V5_20240802_15_00_00/vexv5\libv5rt.a(vex_gps.cpp.obj)
                0x0380ec38                vex::gps::~gps()
                0x0380ec38                vex::gps::~gps()
 .text._ZThn16_N3vex3gpsD1Ev